Component: Arm Compiler for Embedded 6.19 Tool: armlink [5e73cb00]

==============================================================================

Section Cross References

    main.o(.text.main) refers to systick.o(.text.systick_config) for systick_config
    main.o(.ARM.exidx.text.main) refers to main.o(.text.main) for [Anonymous Symbol]
    systick.o(.text.systick_config) refers to system_gd32f4xx.o(.data.SystemCoreClock) for SystemCoreClock
    systick.o(.text.systick_config) refers to systick.o(.text.SysTick_Config) for SysTick_Config
    systick.o(.text.systick_config) refers to systick.o(.text.__NVIC_SetPriority) for __NVIC_SetPriority
    systick.o(.ARM.exidx.text.systick_config) refers to systick.o(.text.systick_config) for [Anonymous Symbol]
    systick.o(.text.SysTick_Config) refers to systick.o(.text.__NVIC_SetPriority) for __NVIC_SetPriority
    systick.o(.ARM.exidx.text.SysTick_Config) refers to systick.o(.text.SysTick_Config) for [Anonymous Symbol]
    systick.o(.ARM.exidx.text.__NVIC_SetPriority) refers to systick.o(.text.__NVIC_SetPriority) for [Anonymous Symbol]
    systick.o(.text.delay_1ms) refers to systick.o(.bss.delay) for delay
    systick.o(.ARM.exidx.text.delay_1ms) refers to systick.o(.text.delay_1ms) for [Anonymous Symbol]
    systick.o(.text.delay_decrement) refers to systick.o(.bss.delay) for delay
    systick.o(.ARM.exidx.text.delay_decrement) refers to systick.o(.text.delay_decrement) for [Anonymous Symbol]
    systick.o(.text.sys_tick_ms_inc) refers to systick.o(.bss.sys_tick_ms) for sys_tick_ms
    systick.o(.ARM.exidx.text.sys_tick_ms_inc) refers to systick.o(.text.sys_tick_ms_inc) for [Anonymous Symbol]
    systick.o(.text.sys_tick_ms_get) refers to systick.o(.bss.sys_tick_ms) for sys_tick_ms
    systick.o(.ARM.exidx.text.sys_tick_ms_get) refers to systick.o(.text.sys_tick_ms_get) for [Anonymous Symbol]
    gd32f4xx_it.o(.ARM.exidx.text.NMI_Handler) refers to gd32f4xx_it.o(.text.NMI_Handler) for [Anonymous Symbol]
    gd32f4xx_it.o(.ARM.exidx.text.HardFault_Handler) refers to gd32f4xx_it.o(.text.HardFault_Handler) for [Anonymous Symbol]
    gd32f4xx_it.o(.ARM.exidx.text.MemManage_Handler) refers to gd32f4xx_it.o(.text.MemManage_Handler) for [Anonymous Symbol]
    gd32f4xx_it.o(.ARM.exidx.text.BusFault_Handler) refers to gd32f4xx_it.o(.text.BusFault_Handler) for [Anonymous Symbol]
    gd32f4xx_it.o(.ARM.exidx.text.UsageFault_Handler) refers to gd32f4xx_it.o(.text.UsageFault_Handler) for [Anonymous Symbol]
    gd32f4xx_it.o(.ARM.exidx.text.SVC_Handler) refers to gd32f4xx_it.o(.text.SVC_Handler) for [Anonymous Symbol]
    gd32f4xx_it.o(.ARM.exidx.text.DebugMon_Handler) refers to gd32f4xx_it.o(.text.DebugMon_Handler) for [Anonymous Symbol]
    gd32f4xx_it.o(.ARM.exidx.text.PendSV_Handler) refers to gd32f4xx_it.o(.text.PendSV_Handler) for [Anonymous Symbol]
    gd32f4xx_it.o(.text.SysTick_Handler) refers to systick.o(.text.sys_tick_ms_inc) for sys_tick_ms_inc
    gd32f4xx_it.o(.text.SysTick_Handler) refers to systick.o(.text.delay_decrement) for delay_decrement
    gd32f4xx_it.o(.ARM.exidx.text.SysTick_Handler) refers to gd32f4xx_it.o(.text.SysTick_Handler) for [Anonymous Symbol]
    gd32f4xx_adc.o(.text.adc_deinit) refers to gd32f4xx_rcu.o(.text.rcu_periph_reset_enable) for rcu_periph_reset_enable
    gd32f4xx_adc.o(.text.adc_deinit) refers to gd32f4xx_rcu.o(.text.rcu_periph_reset_disable) for rcu_periph_reset_disable
    gd32f4xx_adc.o(.ARM.exidx.text.adc_deinit) refers to gd32f4xx_adc.o(.text.adc_deinit) for [Anonymous Symbol]
    gd32f4xx_adc.o(.ARM.exidx.text.adc_clock_config) refers to gd32f4xx_adc.o(.text.adc_clock_config) for [Anonymous Symbol]
    gd32f4xx_adc.o(.ARM.exidx.text.adc_special_function_config) refers to gd32f4xx_adc.o(.text.adc_special_function_config) for [Anonymous Symbol]
    gd32f4xx_adc.o(.ARM.exidx.text.adc_data_alignment_config) refers to gd32f4xx_adc.o(.text.adc_data_alignment_config) for [Anonymous Symbol]
    gd32f4xx_adc.o(.ARM.exidx.text.adc_enable) refers to gd32f4xx_adc.o(.text.adc_enable) for [Anonymous Symbol]
    gd32f4xx_adc.o(.ARM.exidx.text.adc_disable) refers to gd32f4xx_adc.o(.text.adc_disable) for [Anonymous Symbol]
    gd32f4xx_adc.o(.ARM.exidx.text.adc_calibration_enable) refers to gd32f4xx_adc.o(.text.adc_calibration_enable) for [Anonymous Symbol]
    gd32f4xx_adc.o(.ARM.exidx.text.adc_channel_16_to_18) refers to gd32f4xx_adc.o(.text.adc_channel_16_to_18) for [Anonymous Symbol]
    gd32f4xx_adc.o(.ARM.exidx.text.adc_resolution_config) refers to gd32f4xx_adc.o(.text.adc_resolution_config) for [Anonymous Symbol]
    gd32f4xx_adc.o(.ARM.exidx.text.adc_oversample_mode_config) refers to gd32f4xx_adc.o(.text.adc_oversample_mode_config) for [Anonymous Symbol]
    gd32f4xx_adc.o(.ARM.exidx.text.adc_oversample_mode_enable) refers to gd32f4xx_adc.o(.text.adc_oversample_mode_enable) for [Anonymous Symbol]
[...]
    Removing gd32f4xx_sdio.o(.ARM.exidx.text.sdio_csm_enable), (8 bytes).
    Removing gd32f4xx_sdio.o(.text.sdio_csm_disable), (18 bytes).
    Removing gd32f4xx_sdio.o(.ARM.exidx.text.sdio_csm_disable), (8 bytes).
    Removing gd32f4xx_sdio.o(.text.sdio_command_index_get), (14 bytes).
    Removing gd32f4xx_sdio.o(.ARM.exidx.text.sdio_command_index_get), (8 bytes).
    Removing gd32f4xx_sdio.o(.text.sdio_response_get), (90 bytes).
    Removing gd32f4xx_sdio.o(.ARM.exidx.text.sdio_response_get), (8 bytes).
    Removing gd32f4xx_sdio.o(.text.sdio_data_config), (74 bytes).
    Removing gd32f4xx_sdio.o(.ARM.exidx.text.sdio_data_config), (8 bytes).
    Removing gd32f4xx_sdio.o(.text.sdio_data_transfer_config), (50 bytes).
    Removing gd32f4xx_sdio.o(.ARM.exidx.text.sdio_data_transfer_config), (8 bytes).
    Removing gd32f4xx_sdio.o(.text.sdio_dsm_enable), (18 bytes).
    Removing gd32f4xx_sdio.o(.ARM.exidx.text.sdio_dsm_enable), (8 bytes).
    Removing gd32f4xx_sdio.o(.text.sdio_dsm_disable), (18 bytes).
    Removing gd32f4xx_sdio.o(.ARM.exidx.text.sdio_dsm_disable), (8 bytes).
    Removing gd32f4xx_sdio.o(.text.sdio_data_write), (20 bytes).
    Removing gd32f4xx_sdio.o(.ARM.exidx.text.sdio_data_write), (8 bytes).
    Removing gd32f4xx_sdio.o(.text.sdio_data_read), (12 bytes).
    Removing gd32f4xx_sdio.o(.ARM.exidx.text.sdio_data_read), (8 bytes).
    Removing gd32f4xx_sdio.o(.text.sdio_data_counter_get), (12 bytes).
    Removing gd32f4xx_sdio.o(.ARM.exidx.text.sdio_data_counter_get), (8 bytes).
    Removing gd32f4xx_sdio.o(.text.sdio_fifo_counter_get), (12 bytes).
    Removing gd32f4xx_sdio.o(.ARM.exidx.text.sdio_fifo_counter_get), (8 bytes).
    Removing gd32f4xx_sdio.o(.text.sdio_dma_enable), (18 bytes).
    Removing gd32f4xx_sdio.o(.ARM.exidx.text.sdio_dma_enable), (8 bytes).
    Removing gd32f4xx_sdio.o(.text.sdio_dma_disable), (18 bytes).
    Removing gd32f4xx_sdio.o(.ARM.exidx.text.sdio_dma_disable), (8 bytes).
    Removing gd32f4xx_sdio.o(.text.sdio_flag_get), (44 bytes).
    Removing gd32f4xx_sdio.o(.ARM.exidx.text.sdio_flag_get), (8 bytes).
    Removing gd32f4xx_sdio.o(.text.sdio_flag_clear), (20 bytes).
    Removing gd32f4xx_sdio.o(.ARM.exidx.text.sdio_flag_clear), (8 bytes).
    Removing gd32f4xx_sdio.o(.text.sdio_interrupt_enable), (24 bytes).
    Removing gd32f4xx_sdio.o(.ARM.exidx.text.sdio_interrupt_enable), (8 bytes).
    Removing gd32f4xx_sdio.o(.text.sdio_interrupt_disable), (24 bytes).
    Removing gd32f4xx_sdio.o(.ARM.exidx.text.sdio_interrupt_disable), (8 bytes).
    Removing gd32f4xx_sdio.o(.text.sdio_interrupt_flag_get), (44 bytes).
    Removing gd32f4xx_sdio.o(.ARM.exidx.text.sdio_interrupt_flag_get), (8 bytes).
    Removing gd32f4xx_sdio.o(.text.sdio_interrupt_flag_clear), (20 bytes).
    Removing gd32f4xx_sdio.o(.ARM.exidx.text.sdio_interrupt_flag_clear), (8 bytes).
    Removing gd32f4xx_sdio.o(.text.sdio_readwait_enable), (18 bytes).
    Removing gd32f4xx_sdio.o(.ARM.exidx.text.sdio_readwait_enable), (8 bytes).
    Removing gd32f4xx_sdio.o(.text.sdio_readwait_disable), (18 bytes).
    Removing gd32f4xx_sdio.o(.ARM.exidx.text.sdio_readwait_disable), (8 bytes).
    Removing gd32f4xx_sdio.o(.text.sdio_stop_readwait_enable), (18 bytes).
    Removing gd32f4xx_sdio.o(.ARM.exidx.text.sdio_stop_readwait_enable), (8 bytes).
    Removing gd32f4xx_sdio.o(.text.sdio_stop_readwait_disable), (18 bytes).
    Removing gd32f4xx_sdio.o(.ARM.exidx.text.sdio_stop_readwait_disable), (8 bytes).
    Removing gd32f4xx_sdio.o(.text.sdio_readwait_type_set), (54 bytes).
    Removing gd32f4xx_sdio.o(.ARM.exidx.text.sdio_readwait_type_set), (8 bytes).
    Removing gd32f4xx_sdio.o(.text.sdio_operation_enable), (18 bytes).
    Removing gd32f4xx_sdio.o(.ARM.exidx.text.sdio_operation_enable), (8 bytes).
    Removing gd32f4xx_sdio.o(.text.sdio_operation_disable), (18 bytes).
    Removing gd32f4xx_sdio.o(.ARM.exidx.text.sdio_operation_disable), (8 bytes).
    Removing gd32f4xx_sdio.o(.text.sdio_suspend_enable), (18 bytes).
    Removing gd32f4xx_sdio.o(.ARM.exidx.text.sdio_suspend_enable), (8 bytes).
    Removing gd32f4xx_sdio.o(.text.sdio_suspend_disable), (18 bytes).
    Removing gd32f4xx_sdio.o(.ARM.exidx.text.sdio_suspend_disable), (8 bytes).
    Removing gd32f4xx_sdio.o(.text.sdio_ceata_command_enable), (18 bytes).
    Removing gd32f4xx_sdio.o(.ARM.exidx.text.sdio_ceata_command_enable), (8 bytes).
    Removing gd32f4xx_sdio.o(.text.sdio_ceata_command_disable), (18 bytes).
    Removing gd32f4xx_sdio.o(.ARM.exidx.text.sdio_ceata_command_disable), (8 bytes).
    Removing gd32f4xx_sdio.o(.text.sdio_ceata_interrupt_enable), (18 bytes).
    Removing gd32f4xx_sdio.o(.ARM.exidx.text.sdio_ceata_interrupt_enable), (8 bytes).
    Removing gd32f4xx_sdio.o(.text.sdio_ceata_interrupt_disable), (18 bytes).
    Removing gd32f4xx_sdio.o(.ARM.exidx.text.sdio_ceata_interrupt_disable), (8 bytes).
    Removing gd32f4xx_sdio.o(.text.sdio_ceata_command_completion_enable), (18 bytes).
    Removing gd32f4xx_sdio.o(.ARM.exidx.text.sdio_ceata_command_completion_enable), (8 bytes).
    Removing gd32f4xx_sdio.o(.text.sdio_ceata_command_completion_disable), (18 bytes).
    Removing gd32f4xx_sdio.o(.ARM.exidx.text.sdio_ceata_command_completion_disable), (8 bytes).
    Removing gd32f4xx_spi.o(.text), (0 bytes).
    Removing gd32f4xx_spi.o(.text.spi_i2s_deinit), (218 bytes).
    Removing gd32f4xx_spi.o(.ARM.exidx.text.spi_i2s_deinit), (8 bytes).
    Removing gd32f4xx_spi.o(.text.spi_struct_para_init), (38 bytes).
    Removing gd32f4xx_spi.o(.ARM.exidx.text.spi_struct_para_init), (8 bytes).
    Removing gd32f4xx_spi.o(.text.spi_init), (114 bytes).
    Removing gd32f4xx_spi.o(.ARM.exidx.text.spi_init), (8 bytes).
    Removing gd32f4xx_spi.o(.text.spi_enable), (18 bytes).
    Removing gd32f4xx_spi.o(.ARM.exidx.text.spi_enable), (8 bytes).
    Removing gd32f4xx_spi.o(.text.spi_disable), (18 bytes).
    Removing gd32f4xx_spi.o(.ARM.exidx.text.spi_disable), (8 bytes).
    Removing gd32f4xx_spi.o(.text.i2s_init), (72 bytes).
    Removing gd32f4xx_spi.o(.ARM.exidx.text.i2s_init), (8 bytes).
    Removing gd32f4xx_spi.o(.text.i2s_psc_config), (364 bytes).
    Removing gd32f4xx_spi.o(.ARM.exidx.text.i2s_psc_config), (8 bytes).
    Removing gd32f4xx_spi.o(.text.i2s_enable), (18 bytes).
    Removing gd32f4xx_spi.o(.ARM.exidx.text.i2s_enable), (8 bytes).
    Removing gd32f4xx_spi.o(.text.i2s_disable), (18 bytes).
    Removing gd32f4xx_spi.o(.ARM.exidx.text.i2s_disable), (8 bytes).
    Removing gd32f4xx_spi.o(.text.spi_nss_output_enable), (18 bytes).
    Removing gd32f4xx_spi.o(.ARM.exidx.text.spi_nss_output_enable), (8 bytes).
    Removing gd32f4xx_spi.o(.text.spi_nss_output_disable), (18 bytes).
    Removing gd32f4xx_spi.o(.ARM.exidx.text.spi_nss_output_disable), (8 bytes).
    Removing gd32f4xx_spi.o(.text.spi_nss_internal_high), (18 bytes).
    Removing gd32f4xx_spi.o(.ARM.exidx.text.spi_nss_internal_high), (8 bytes).
    Removing gd32f4xx_spi.o(.text.spi_nss_internal_low), (18 bytes).
    Removing gd32f4xx_spi.o(.ARM.exidx.text.spi_nss_internal_low), (8 bytes).
    Removing gd32f4xx_spi.o(.text.spi_dma_enable), (44 bytes).
    Removing gd32f4xx_spi.o(.ARM.exidx.text.spi_dma_enable), (8 bytes).
    Removing gd32f4xx_spi.o(.text.spi_dma_disable), (44 bytes).
    Removing gd32f4xx_spi.o(.ARM.exidx.text.spi_dma_disable), (8 bytes).
    Removing gd32f4xx_spi.o(.text.spi_i2s_data_frame_format_config), (34 bytes).
    Removing gd32f4xx_spi.o(.ARM.exidx.text.spi_i2s_data_frame_format_config), (8 bytes).
    Removing gd32f4xx_spi.o(.text.spi_i2s_data_transmit), (20 bytes).
    Removing gd32f4xx_spi.o(.ARM.exidx.text.spi_i2s_data_transmit), (8 bytes).
    Removing gd32f4xx_spi.o(.text.spi_i2s_data_receive), (14 bytes).
    Removing gd32f4xx_spi.o(.ARM.exidx.text.spi_i2s_data_receive), (8 bytes).
    Removing gd32f4xx_spi.o(.text.spi_bidirectional_transfer_config), (44 bytes).
    Removing gd32f4xx_spi.o(.ARM.exidx.text.spi_bidirectional_transfer_config), (8 bytes).
    Removing gd32f4xx_spi.o(.text.spi_crc_polynomial_set), (20 bytes).
    Removing gd32f4xx_spi.o(.ARM.exidx.text.spi_crc_polynomial_set), (8 bytes).
    Removing gd32f4xx_spi.o(.text.spi_crc_polynomial_get), (14 bytes).
    Removing gd32f4xx_spi.o(.ARM.exidx.text.spi_crc_polynomial_get), (8 bytes).
    Removing gd32f4xx_spi.o(.text.spi_crc_on), (18 bytes).
    Removing gd32f4xx_spi.o(.ARM.exidx.text.spi_crc_on), (8 bytes).
    Removing gd32f4xx_spi.o(.text.spi_crc_off), (18 bytes).
    Removing gd32f4xx_spi.o(.ARM.exidx.text.spi_crc_off), (8 bytes).
    Removing gd32f4xx_spi.o(.text.spi_crc_next), (18 bytes).
    Removing gd32f4xx_spi.o(.ARM.exidx.text.spi_crc_next), (8 bytes).
    Removing gd32f4xx_spi.o(.text.spi_crc_get), (44 bytes).
    Removing gd32f4xx_spi.o(.ARM.exidx.text.spi_crc_get), (8 bytes).
    Removing gd32f4xx_spi.o(.text.spi_ti_mode_enable), (18 bytes).
    Removing gd32f4xx_spi.o(.ARM.exidx.text.spi_ti_mode_enable), (8 bytes).
    Removing gd32f4xx_spi.o(.text.spi_ti_mode_disable), (18 bytes).
    Removing gd32f4xx_spi.o(.ARM.exidx.text.spi_ti_mode_disable), (8 bytes).
    Removing gd32f4xx_spi.o(.text.i2s_full_duplex_mode_config), (114 bytes).
    Removing gd32f4xx_spi.o(.ARM.exidx.text.i2s_full_duplex_mode_config), (8 bytes).
    Removing gd32f4xx_spi.o(.text.qspi_enable), (22 bytes).
    Removing gd32f4xx_spi.o(.ARM.exidx.text.qspi_enable), (8 bytes).
    Removing gd32f4xx_spi.o(.text.qspi_disable), (22 bytes).
    Removing gd32f4xx_spi.o(.ARM.exidx.text.qspi_disable), (8 bytes).
    Removing gd32f4xx_spi.o(.text.qspi_write_enable), (22 bytes).
    Removing gd32f4xx_spi.o(.ARM.exidx.text.qspi_write_enable), (8 bytes).
    Removing gd32f4xx_spi.o(.text.qspi_read_enable), (22 bytes).
    Removing gd32f4xx_spi.o(.ARM.exidx.text.qspi_read_enable), (8 bytes).
    Removing gd32f4xx_spi.o(.text.qspi_io23_output_enable), (22 bytes).
    Removing gd32f4xx_spi.o(.ARM.exidx.text.qspi_io23_output_enable), (8 bytes).
    Removing gd32f4xx_spi.o(.text.qspi_io23_output_disable), (22 bytes).
    Removing gd32f4xx_spi.o(.ARM.exidx.text.qspi_io23_output_disable), (8 bytes).
    Removing gd32f4xx_spi.o(.text.spi_i2s_interrupt_enable), (78 bytes).
    Removing gd32f4xx_spi.o(.ARM.exidx.text.spi_i2s_interrupt_enable), (8 bytes).
    Removing gd32f4xx_spi.o(.text.spi_i2s_interrupt_disable), (78 bytes).
    Removing gd32f4xx_spi.o(.ARM.exidx.text.spi_i2s_interrupt_disable), (8 bytes).
    Removing gd32f4xx_spi.o(.text.spi_i2s_interrupt_flag_get), (210 bytes).
    Removing gd32f4xx_spi.o(.ARM.exidx.text.spi_i2s_interrupt_flag_get), (8 bytes).
    Removing gd32f4xx_spi.o(.text.spi_i2s_flag_get), (42 bytes).
    Removing gd32f4xx_spi.o(.ARM.exidx.text.spi_i2s_flag_get), (8 bytes).
    Removing gd32f4xx_spi.o(.text.spi_crc_error_clear), (18 bytes).
    Removing gd32f4xx_spi.o(.ARM.exidx.text.spi_crc_error_clear), (8 bytes).
    Removing gd32f4xx_syscfg.o(.text), (0 bytes).
    Removing gd32f4xx_syscfg.o(.text.syscfg_deinit), (24 bytes).
    Removing gd32f4xx_syscfg.o(.ARM.exidx.text.syscfg_deinit), (8 bytes).
    Removing gd32f4xx_syscfg.o(.text.syscfg_bootmode_config), (36 bytes).
    Removing gd32f4xx_syscfg.o(.ARM.exidx.text.syscfg_bootmode_config), (8 bytes).
    Removing gd32f4xx_syscfg.o(.text.syscfg_fmc_swap_config), (36 bytes).
    Removing gd32f4xx_syscfg.o(.ARM.exidx.text.syscfg_fmc_swap_config), (8 bytes).
    Removing gd32f4xx_syscfg.o(.text.syscfg_exmc_swap_config), (36 bytes).
    Removing gd32f4xx_syscfg.o(.ARM.exidx.text.syscfg_exmc_swap_config), (8 bytes).
    Removing gd32f4xx_syscfg.o(.text.syscfg_exti_line_config), (180 bytes).
    Removing gd32f4xx_syscfg.o(.ARM.exidx.text.syscfg_exti_line_config), (8 bytes).
    Removing gd32f4xx_syscfg.o(.text.syscfg_enet_phy_interface_config), (36 bytes).
    Removing gd32f4xx_syscfg.o(.ARM.exidx.text.syscfg_enet_phy_interface_config), (8 bytes).
    Removing gd32f4xx_syscfg.o(.text.syscfg_compensation_config), (36 bytes).
    Removing gd32f4xx_syscfg.o(.ARM.exidx.text.syscfg_compensation_config), (8 bytes).
    Removing gd32f4xx_syscfg.o(.text.syscfg_flag_get), (44 bytes).
    Removing gd32f4xx_syscfg.o(.ARM.exidx.text.syscfg_flag_get), (8 bytes).
    Removing gd32f4xx_timer.o(.text), (0 bytes).
    Removing gd32f4xx_timer.o(.text.timer_deinit), (488 bytes).
    Removing gd32f4xx_timer.o(.ARM.exidx.text.timer_deinit), (8 bytes).
    Removing gd32f4xx_timer.o(.text.timer_struct_para_init), (38 bytes).
    Removing gd32f4xx_timer.o(.ARM.exidx.text.timer_struct_para_init), (8 bytes).
    Removing gd32f4xx_timer.o(.text.timer_init), (256 bytes).
    Removing gd32f4xx_timer.o(.ARM.exidx.text.timer_init), (8 bytes).
    Removing gd32f4xx_timer.o(.text.timer_enable), (18 bytes).
    Removing gd32f4xx_timer.o(.ARM.exidx.text.timer_enable), (8 bytes).
    Removing gd32f4xx_timer.o(.text.timer_disable), (18 bytes).
    Removing gd32f4xx_timer.o(.ARM.exidx.text.timer_disable), (8 bytes).
    Removing gd32f4xx_timer.o(.text.timer_auto_reload_shadow_enable), (18 bytes).
    Removing gd32f4xx_timer.o(.ARM.exidx.text.timer_auto_reload_shadow_enable), (8 bytes).
    Removing gd32f4xx_timer.o(.text.timer_auto_reload_shadow_disable), (18 bytes).
    Removing gd32f4xx_timer.o(.ARM.exidx.text.timer_auto_reload_shadow_disable), (8 bytes).
    Removing gd32f4xx_timer.o(.text.timer_update_event_enable), (18 bytes).
    Removing gd32f4xx_timer.o(.ARM.exidx.text.timer_update_event_enable), (8 bytes).
    Removing gd32f4xx_timer.o(.text.timer_update_event_disable), (18 bytes).
    Removing gd32f4xx_timer.o(.ARM.exidx.text.timer_update_event_disable), (8 bytes).
    Removing gd32f4xx_timer.o(.text.timer_counter_alignment), (34 bytes).
    Removing gd32f4xx_timer.o(.ARM.exidx.text.timer_counter_alignment), (8 bytes).
    Removing gd32f4xx_timer.o(.text.timer_counter_up_direction), (18 bytes).
    Removing gd32f4xx_timer.o(.ARM.exidx.text.timer_counter_up_direction), (8 bytes).
    Removing gd32f4xx_timer.o(.text.timer_counter_down_direction), (18 bytes).
    Removing gd32f4xx_timer.o(.ARM.exidx.text.timer_counter_down_direction), (8 bytes).
    Removing gd32f4xx_timer.o(.text.timer_prescaler_config), (44 bytes).
    Removing gd32f4xx_timer.o(.ARM.exidx.text.timer_prescaler_config), (8 bytes).
    Removing gd32f4xx_timer.o(.text.timer_repetition_value_config), (20 bytes).
    Removing gd32f4xx_timer.o(.ARM.exidx.text.timer_repetition_value_config), (8 bytes).
    Removing gd32f4xx_timer.o(.text.timer_autoreload_value_config), (16 bytes).
    Removing gd32f4xx_timer.o(.ARM.exidx.text.timer_autoreload_value_config), (8 bytes).
    Removing gd32f4xx_timer.o(.text.timer_counter_value_config), (16 bytes).
    Removing gd32f4xx_timer.o(.ARM.exidx.text.timer_counter_value_config), (8 bytes).
    Removing gd32f4xx_timer.o(.text.timer_counter_read), (20 bytes).
    Removing gd32f4xx_timer.o(.ARM.exidx.text.timer_counter_read), (8 bytes).
    Removing gd32f4xx_timer.o(.text.timer_prescaler_read), (26 bytes).
    Removing gd32f4xx_timer.o(.ARM.exidx.text.timer_prescaler_read), (8 bytes).
    Removing gd32f4xx_timer.o(.text.timer_single_pulse_mode_config), (52 bytes).
    Removing gd32f4xx_timer.o(.ARM.exidx.text.timer_single_pulse_mode_config), (8 bytes).
    Removing gd32f4xx_timer.o(.text.timer_update_source_config), (52 bytes).
    Removing gd32f4xx_timer.o(.ARM.exidx.text.timer_update_source_config), (8 bytes).
    Removing gd32f4xx_timer.o(.text.timer_dma_enable), (24 bytes).
    Removing gd32f4xx_timer.o(.ARM.exidx.text.timer_dma_enable), (8 bytes).
    Removing gd32f4xx_timer.o(.text.timer_dma_disable), (24 bytes).
    Removing gd32f4xx_timer.o(.ARM.exidx.text.timer_dma_disable), (8 bytes).
    Removing gd32f4xx_timer.o(.text.timer_channel_dma_request_source_select), (58 bytes).
    Removing gd32f4xx_timer.o(.ARM.exidx.text.timer_channel_dma_request_source_select), (8 bytes).
    Removing gd32f4xx_timer.o(.text.timer_dma_transfer_config), (40 bytes).
    Removing gd32f4xx_timer.o(.ARM.exidx.text.timer_dma_transfer_config), (8 bytes).
    Removing gd32f4xx_timer.o(.text.timer_event_software_generate), (24 bytes).
    Removing gd32f4xx_timer.o(.ARM.exidx.text.timer_event_software_generate), (8 bytes).
    Removing gd32f4xx_timer.o(.text.timer_break_struct_para_init), (38 bytes).
    Removing gd32f4xx_timer.o(.ARM.exidx.text.timer_break_struct_para_init), (8 bytes).
    Removing gd32f4xx_timer.o(.text.timer_break_config), (42 bytes).
    Removing gd32f4xx_timer.o(.ARM.exidx.text.timer_break_config), (8 bytes).
    Removing gd32f4xx_timer.o(.text.timer_break_enable), (18 bytes).
    Removing gd32f4xx_timer.o(.ARM.exidx.text.timer_break_enable), (8 bytes).
    Removing gd32f4xx_timer.o(.text.timer_break_disable), (18 bytes).
    Removing gd32f4xx_timer.o(.ARM.exidx.text.timer_break_disable), (8 bytes).
    Removing gd32f4xx_timer.o(.text.timer_automatic_output_enable), (18 bytes).
    Removing gd32f4xx_timer.o(.ARM.exidx.text.timer_automatic_output_enable), (8 bytes).
    Removing gd32f4xx_timer.o(.text.timer_automatic_output_disable), (18 bytes).
    Removing gd32f4xx_timer.o(.ARM.exidx.text.timer_automatic_output_disable), (8 bytes).
    Removing gd32f4xx_timer.o(.text.timer_primary_output_config), (46 bytes).
    Removing gd32f4xx_timer.o(.ARM.exidx.text.timer_primary_output_config), (8 bytes).
    Removing gd32f4xx_timer.o(.text.timer_channel_control_shadow_config), (46 bytes).
    Removing gd32f4xx_timer.o(.ARM.exidx.text.timer_channel_control_shadow_config), (8 bytes).
    Removing gd32f4xx_timer.o(.text.timer_channel_control_shadow_update_config), (58 bytes).
    Removing gd32f4xx_timer.o(.ARM.exidx.text.timer_channel_control_shadow_update_config), (8 bytes).
    Removing gd32f4xx_timer.o(.text.timer_channel_output_struct_para_init), (34 bytes).
    Removing gd32f4xx_timer.o(.ARM.exidx.text.timer_channel_output_struct_para_init), (8 bytes).
    Removing gd32f4xx_timer.o(.text.timer_channel_output_config), (712 bytes).
    Removing gd32f4xx_timer.o(.ARM.exidx.text.timer_channel_output_config), (8 bytes).
    Removing gd32f4xx_timer.o(.text.timer_channel_output_mode_config), (140 bytes).
    Removing gd32f4xx_timer.o(.ARM.exidx.text.timer_channel_output_mode_config), (8 bytes).
    Removing gd32f4xx_timer.o(.text.timer_channel_output_pulse_value_config), (70 bytes).
    Removing gd32f4xx_timer.o(.ARM.exidx.text.timer_channel_output_pulse_value_config), (8 bytes).
    Removing gd32f4xx_timer.o(.text.timer_channel_output_shadow_config), (140 bytes).
    Removing gd32f4xx_timer.o(.ARM.exidx.text.timer_channel_output_shadow_config), (8 bytes).
    Removing gd32f4xx_timer.o(.text.timer_channel_output_fast_config), (140 bytes).
    Removing gd32f4xx_timer.o(.ARM.exidx.text.timer_channel_output_fast_config), (8 bytes).
    Removing gd32f4xx_timer.o(.text.timer_channel_output_clear_config), (140 bytes).
    Removing gd32f4xx_timer.o(.ARM.exidx.text.timer_channel_output_clear_config), (8 bytes).
    Removing gd32f4xx_timer.o(.text.timer_channel_output_polarity_config), (142 bytes).
    Removing gd32f4xx_timer.o(.ARM.exidx.text.timer_channel_output_polarity_config), (8 bytes).
    Removing gd32f4xx_timer.o(.text.timer_channel_complementary_output_polarity_config), (122 bytes).
    Removing gd32f4xx_timer.o(.ARM.exidx.text.timer_channel_complementary_output_polarity_config), (8 bytes).
    Removing gd32f4xx_timer.o(.text.timer_channel_output_state_config), (132 bytes).
    Removing gd32f4xx_timer.o(.ARM.exidx.text.timer_channel_output_state_config), (8 bytes).
    Removing gd32f4xx_timer.o(.text.timer_channel_complementary_output_state_config), (122 bytes).
    Removing gd32f4xx_timer.o(.ARM.exidx.text.timer_channel_complementary_output_state_config), (8 bytes).
    Removing gd32f4xx_timer.o(.text.timer_channel_input_struct_para_init), (28 bytes).
    Removing gd32f4xx_timer.o(.ARM.exidx.text.timer_channel_input_struct_para_init), (8 bytes).
    Removing gd32f4xx_timer.o(.text.timer_input_capture_config), (426 bytes).
    Removing gd32f4xx_timer.o(.ARM.exidx.text.timer_input_capture_config), (8 bytes).
    Removing gd32f4xx_timer.o(.text.timer_channel_input_capture_prescaler_config), (140 bytes).
    Removing gd32f4xx_timer.o(.ARM.exidx.text.timer_channel_input_capture_prescaler_config), (8 bytes).
    Removing gd32f4xx_timer.o(.text.timer_channel_capture_value_register_read), (74 bytes).
    Removing gd32f4xx_timer.o(.ARM.exidx.text.timer_channel_capture_value_register_read), (8 bytes).
    Removing gd32f4xx_timer.o(.text.timer_input_pwm_capture_config), (498 bytes).
    Removing gd32f4xx_timer.o(.ARM.exidx.text.timer_input_pwm_capture_config), (8 bytes).
    Removing gd32f4xx_timer.o(.text.timer_hall_mode_config), (52 bytes).
    Removing gd32f4xx_timer.o(.ARM.exidx.text.timer_hall_mode_config), (8 bytes).
    Removing gd32f4xx_timer.o(.text.timer_input_trigger_source_select), (30 bytes).
    Removing gd32f4xx_timer.o(.ARM.exidx.text.timer_input_trigger_source_select), (8 bytes).
    Removing gd32f4xx_timer.o(.text.timer_master_output_trigger_source_select), (30 bytes).
    Removing gd32f4xx_timer.o(.ARM.exidx.text.timer_master_output_trigger_source_select), (8 bytes).
    Removing gd32f4xx_timer.o(.text.timer_slave_mode_select), (30 bytes).
    Removing gd32f4xx_timer.o(.ARM.exidx.text.timer_slave_mode_select), (8 bytes).
    Removing gd32f4xx_timer.o(.text.timer_master_slave_mode_config), (52 bytes).
    Removing gd32f4xx_timer.o(.ARM.exidx.text.timer_master_slave_mode_config), (8 bytes).
    Removing gd32f4xx_timer.o(.text.timer_external_trigger_config), (52 bytes).
    Removing gd32f4xx_timer.o(.ARM.exidx.text.timer_external_trigger_config), (8 bytes).
    Removing gd32f4xx_timer.o(.text.timer_quadrature_decoder_mode_config), (102 bytes).
    Removing gd32f4xx_timer.o(.ARM.exidx.text.timer_quadrature_decoder_mode_config), (8 bytes).
    Removing gd32f4xx_timer.o(.text.timer_internal_clock_config), (18 bytes).
    Removing gd32f4xx_timer.o(.ARM.exidx.text.timer_internal_clock_config), (8 bytes).
    Removing gd32f4xx_timer.o(.text.timer_internal_trigger_as_external_clock_config), (40 bytes).
    Removing gd32f4xx_timer.o(.ARM.exidx.text.timer_internal_trigger_as_external_clock_config), (8 bytes).
    Removing gd32f4xx_timer.o(.text.timer_external_trigger_as_external_clock_config), (228 bytes).
    Removing gd32f4xx_timer.o(.ARM.exidx.text.timer_external_trigger_as_external_clock_config), (8 bytes).
    Removing gd32f4xx_timer.o(.text.timer_external_clock_mode0_config), (48 bytes).
    Removing gd32f4xx_timer.o(.ARM.exidx.text.timer_external_clock_mode0_config), (8 bytes).
    Removing gd32f4xx_timer.o(.text.timer_external_clock_mode1_config), (38 bytes).
    Removing gd32f4xx_timer.o(.ARM.exidx.text.timer_external_clock_mode1_config), (8 bytes).
    Removing gd32f4xx_timer.o(.text.timer_external_clock_mode1_disable), (18 bytes).
    Removing gd32f4xx_timer.o(.ARM.exidx.text.timer_external_clock_mode1_disable), (8 bytes).
    Removing gd32f4xx_timer.o(.text.timer_channel_remap_config), (16 bytes).
    Removing gd32f4xx_timer.o(.ARM.exidx.text.timer_channel_remap_config), (8 bytes).
    Removing gd32f4xx_timer.o(.text.timer_write_chxval_register_config), (66 bytes).
    Removing gd32f4xx_timer.o(.ARM.exidx.text.timer_write_chxval_register_config), (8 bytes).
    Removing gd32f4xx_timer.o(.text.timer_output_value_selection_config), (66 bytes).
    Removing gd32f4xx_timer.o(.ARM.exidx.text.timer_output_value_selection_config), (8 bytes).
    Removing gd32f4xx_timer.o(.text.timer_flag_get), (42 bytes).
    Removing gd32f4xx_timer.o(.ARM.exidx.text.timer_flag_get), (8 bytes).
    Removing gd32f4xx_timer.o(.text.timer_flag_clear), (18 bytes).
    Removing gd32f4xx_timer.o(.ARM.exidx.text.timer_flag_clear), (8 bytes).
    Removing gd32f4xx_timer.o(.text.timer_interrupt_enable), (20 bytes).
    Removing gd32f4xx_timer.o(.ARM.exidx.text.timer_interrupt_enable), (8 bytes).
    Removing gd32f4xx_timer.o(.text.timer_interrupt_disable), (20 bytes).
    Removing gd32f4xx_timer.o(.ARM.exidx.text.timer_interrupt_disable), (8 bytes).
    Removing gd32f4xx_timer.o(.text.timer_interrupt_flag_get), (58 bytes).
    Removing gd32f4xx_timer.o(.ARM.exidx.text.timer_interrupt_flag_get), (8 bytes).
    Removing gd32f4xx_timer.o(.text.timer_interrupt_flag_clear), (18 bytes).
    Removing gd32f4xx_timer.o(.ARM.exidx.text.timer_interrupt_flag_clear), (8 bytes).
    Removing gd32f4xx_tli.o(.text), (0 bytes).
    Removing gd32f4xx_tli.o(.text.tli_deinit), (24 bytes).
    Removing gd32f4xx_tli.o(.ARM.exidx.text.tli_deinit), (8 bytes).
    Removing gd32f4xx_tli.o(.text.tli_struct_para_init), (70 bytes).
    Removing gd32f4xx_tli.o(.ARM.exidx.text.tli_struct_para_init), (8 bytes).
    Removing gd32f4xx_tli.o(.text.tli_init), (184 bytes).
    Removing gd32f4xx_tli.o(.ARM.exidx.text.tli_init), (8 bytes).
    Removing gd32f4xx_tli.o(.text.tli_dither_config), (56 bytes).
    Removing gd32f4xx_tli.o(.ARM.exidx.text.tli_dither_config), (8 bytes).
    Removing gd32f4xx_tli.o(.text.tli_enable), (18 bytes).
    Removing gd32f4xx_tli.o(.ARM.exidx.text.tli_enable), (8 bytes).
    Removing gd32f4xx_tli.o(.text.tli_disable), (18 bytes).
    Removing gd32f4xx_tli.o(.ARM.exidx.text.tli_disable), (8 bytes).
    Removing gd32f4xx_tli.o(.text.tli_reload_config), (54 bytes).
    Removing gd32f4xx_tli.o(.ARM.exidx.text.tli_reload_config), (8 bytes).
    Removing gd32f4xx_tli.o(.text.tli_layer_struct_para_init), (82 bytes).
    Removing gd32f4xx_tli.o(.ARM.exidx.text.tli_layer_struct_para_init), (8 bytes).
    Removing gd32f4xx_tli.o(.text.tli_layer_init), (250 bytes).
    Removing gd32f4xx_tli.o(.ARM.exidx.text.tli_layer_init), (8 bytes).
    Removing gd32f4xx_tli.o(.text.tli_layer_window_offset_modify), (266 bytes).
    Removing gd32f4xx_tli.o(.ARM.exidx.text.tli_layer_window_offset_modify), (8 bytes).
    Removing gd32f4xx_tli.o(.text.tli_lut_struct_para_init), (26 bytes).
    Removing gd32f4xx_tli.o(.ARM.exidx.text.tli_lut_struct_para_init), (8 bytes).
    Removing gd32f4xx_tli.o(.text.tli_lut_init), (38 bytes).
    Removing gd32f4xx_tli.o(.ARM.exidx.text.tli_lut_init), (8 bytes).
    Removing gd32f4xx_tli.o(.text.tli_color_key_init), (46 bytes).
    Removing gd32f4xx_tli.o(.ARM.exidx.text.tli_color_key_init), (8 bytes).
    Removing gd32f4xx_tli.o(.text.tli_layer_enable), (22 bytes).
    Removing gd32f4xx_tli.o(.ARM.exidx.text.tli_layer_enable), (8 bytes).
    Removing gd32f4xx_tli.o(.text.tli_layer_disable), (22 bytes).
    Removing gd32f4xx_tli.o(.ARM.exidx.text.tli_layer_disable), (8 bytes).
    Removing gd32f4xx_tli.o(.text.tli_color_key_enable), (22 bytes).
    Removing gd32f4xx_tli.o(.ARM.exidx.text.tli_color_key_enable), (8 bytes).
    Removing gd32f4xx_tli.o(.text.tli_color_key_disable), (22 bytes).
    Removing gd32f4xx_tli.o(.ARM.exidx.text.tli_color_key_disable), (8 bytes).
    Removing gd32f4xx_tli.o(.text.tli_lut_enable), (22 bytes).
    Removing gd32f4xx_tli.o(.ARM.exidx.text.tli_lut_enable), (8 bytes).
    Removing gd32f4xx_tli.o(.text.tli_lut_disable), (22 bytes).
    Removing gd32f4xx_tli.o(.ARM.exidx.text.tli_lut_disable), (8 bytes).
    Removing gd32f4xx_tli.o(.text.tli_line_mark_set), (34 bytes).
    Removing gd32f4xx_tli.o(.ARM.exidx.text.tli_line_mark_set), (8 bytes).
    Removing gd32f4xx_tli.o(.text.tli_current_pos_get), (12 bytes).
    Removing gd32f4xx_tli.o(.ARM.exidx.text.tli_current_pos_get), (8 bytes).
    Removing gd32f4xx_tli.o(.text.tli_interrupt_enable), (24 bytes).
    Removing gd32f4xx_tli.o(.ARM.exidx.text.tli_interrupt_enable), (8 bytes).
    Removing gd32f4xx_tli.o(.text.tli_interrupt_disable), (24 bytes).
    Removing gd32f4xx_tli.o(.ARM.exidx.text.tli_interrupt_disable), (8 bytes).
    Removing gd32f4xx_tli.o(.text.tli_interrupt_flag_get), (74 bytes).
    Removing gd32f4xx_tli.o(.ARM.exidx.text.tli_interrupt_flag_get), (8 bytes).
    Removing gd32f4xx_tli.o(.text.tli_interrupt_flag_clear), (24 bytes).
    Removing gd32f4xx_tli.o(.ARM.exidx.text.tli_interrupt_flag_clear), (8 bytes).
    Removing gd32f4xx_tli.o(.text.tli_flag_get), (78 bytes).
    Removing gd32f4xx_tli.o(.ARM.exidx.text.tli_flag_get), (8 bytes).
    Removing gd32f4xx_trng.o(.text), (0 bytes).
    Removing gd32f4xx_trng.o(.text.trng_deinit), (24 bytes).
    Removing gd32f4xx_trng.o(.ARM.exidx.text.trng_deinit), (8 bytes).
    Removing gd32f4xx_trng.o(.text.trng_enable), (18 bytes).
    Removing gd32f4xx_trng.o(.ARM.exidx.text.trng_enable), (8 bytes).
    Removing gd32f4xx_trng.o(.text.trng_disable), (18 bytes).
    Removing gd32f4xx_trng.o(.ARM.exidx.text.trng_disable), (8 bytes).
    Removing gd32f4xx_trng.o(.text.trng_get_true_random_data), (12 bytes).
    Removing gd32f4xx_trng.o(.ARM.exidx.text.trng_get_true_random_data), (8 bytes).
    Removing gd32f4xx_trng.o(.text.trng_interrupt_enable), (18 bytes).
    Removing gd32f4xx_trng.o(.ARM.exidx.text.trng_interrupt_enable), (8 bytes).
    Removing gd32f4xx_trng.o(.text.trng_interrupt_disable), (18 bytes).
    Removing gd32f4xx_trng.o(.ARM.exidx.text.trng_interrupt_disable), (8 bytes).
    Removing gd32f4xx_trng.o(.text.trng_flag_get), (50 bytes).
    Removing gd32f4xx_trng.o(.ARM.exidx.text.trng_flag_get), (8 bytes).
    Removing gd32f4xx_trng.o(.text.trng_interrupt_flag_get), (50 bytes).
    Removing gd32f4xx_trng.o(.ARM.exidx.text.trng_interrupt_flag_get), (8 bytes).
    Removing gd32f4xx_trng.o(.text.trng_interrupt_flag_clear), (28 bytes).
    Removing gd32f4xx_trng.o(.ARM.exidx.text.trng_interrupt_flag_clear), (8 bytes).
    Removing gd32f4xx_usart.o(.text), (0 bytes).
    Removing gd32f4xx_usart.o(.text.usart_deinit), (286 bytes).
    Removing gd32f4xx_usart.o(.ARM.exidx.text.usart_deinit), (8 bytes).
    Removing gd32f4xx_usart.o(.text.usart_baudrate_set), (344 bytes).
    Removing gd32f4xx_usart.o(.ARM.exidx.text.usart_baudrate_set), (8 bytes).
    Removing gd32f4xx_usart.o(.text.usart_parity_config), (30 bytes).
    Removing gd32f4xx_usart.o(.ARM.exidx.text.usart_parity_config), (8 bytes).
    Removing gd32f4xx_usart.o(.text.usart_word_length_set), (30 bytes).
    Removing gd32f4xx_usart.o(.ARM.exidx.text.usart_word_length_set), (8 bytes).
    Removing gd32f4xx_usart.o(.text.usart_stop_bit_set), (30 bytes).
    Removing gd32f4xx_usart.o(.ARM.exidx.text.usart_stop_bit_set), (8 bytes).
    Removing gd32f4xx_usart.o(.text.usart_enable), (18 bytes).
    Removing gd32f4xx_usart.o(.ARM.exidx.text.usart_enable), (8 bytes).
    Removing gd32f4xx_usart.o(.text.usart_disable), (18 bytes).
    Removing gd32f4xx_usart.o(.ARM.exidx.text.usart_disable), (8 bytes).
    Removing gd32f4xx_usart.o(.text.usart_transmit_config), (42 bytes).
    Removing gd32f4xx_usart.o(.ARM.exidx.text.usart_transmit_config), (8 bytes).
    Removing gd32f4xx_usart.o(.text.usart_receive_config), (42 bytes).
    Removing gd32f4xx_usart.o(.ARM.exidx.text.usart_receive_config), (8 bytes).
    Removing gd32f4xx_usart.o(.text.usart_data_first_config), (46 bytes).
    Removing gd32f4xx_usart.o(.ARM.exidx.text.usart_data_first_config), (8 bytes).
    Removing gd32f4xx_usart.o(.text.usart_invert_config), (134 bytes).
    Removing gd32f4xx_usart.o(.ARM.exidx.text.usart_invert_config), (8 bytes).
    Removing gd32f4xx_usart.o(.text.usart_oversample_config), (30 bytes).
    Removing gd32f4xx_usart.o(.ARM.exidx.text.usart_oversample_config), (8 bytes).
    Removing gd32f4xx_usart.o(.text.usart_sample_bit_config), (30 bytes).
    Removing gd32f4xx_usart.o(.ARM.exidx.text.usart_sample_bit_config), (8 bytes).
    Removing gd32f4xx_usart.o(.text.usart_receiver_timeout_enable), (22 bytes).
    Removing gd32f4xx_usart.o(.ARM.exidx.text.usart_receiver_timeout_enable), (8 bytes).
    Removing gd32f4xx_usart.o(.text.usart_receiver_timeout_disable), (22 bytes).
    Removing gd32f4xx_usart.o(.ARM.exidx.text.usart_receiver_timeout_disable), (8 bytes).
    Removing gd32f4xx_usart.o(.text.usart_receiver_timeout_threshold_config), (38 bytes).
    Removing gd32f4xx_usart.o(.ARM.exidx.text.usart_receiver_timeout_threshold_config), (8 bytes).
    Removing gd32f4xx_usart.o(.text.usart_data_transmit), (20 bytes).
    Removing gd32f4xx_usart.o(.ARM.exidx.text.usart_data_transmit), (8 bytes).
    Removing gd32f4xx_usart.o(.text.usart_data_receive), (16 bytes).
    Removing gd32f4xx_usart.o(.ARM.exidx.text.usart_data_receive), (8 bytes).
    Removing gd32f4xx_usart.o(.text.usart_address_config), (38 bytes).
    Removing gd32f4xx_usart.o(.ARM.exidx.text.usart_address_config), (8 bytes).
    Removing gd32f4xx_usart.o(.text.usart_mute_mode_enable), (18 bytes).
    Removing gd32f4xx_usart.o(.ARM.exidx.text.usart_mute_mode_enable), (8 bytes).
    Removing gd32f4xx_usart.o(.text.usart_mute_mode_disable), (18 bytes).
    Removing gd32f4xx_usart.o(.ARM.exidx.text.usart_mute_mode_disable), (8 bytes).
    Removing gd32f4xx_usart.o(.text.usart_mute_mode_wakeup_config), (30 bytes).
    Removing gd32f4xx_usart.o(.ARM.exidx.text.usart_mute_mode_wakeup_config), (8 bytes).
    Removing gd32f4xx_usart.o(.text.usart_lin_mode_enable), (18 bytes).
    Removing gd32f4xx_usart.o(.ARM.exidx.text.usart_lin_mode_enable), (8 bytes).
    Removing gd32f4xx_usart.o(.text.usart_lin_mode_disable), (18 bytes).
    Removing gd32f4xx_usart.o(.ARM.exidx.text.usart_lin_mode_disable), (8 bytes).
    Removing gd32f4xx_usart.o(.text.usart_lin_break_detection_length_config), (34 bytes).
    Removing gd32f4xx_usart.o(.ARM.exidx.text.usart_lin_break_detection_length_config), (8 bytes).
    Removing gd32f4xx_usart.o(.text.usart_send_break), (18 bytes).
    Removing gd32f4xx_usart.o(.ARM.exidx.text.usart_send_break), (8 bytes).
    Removing gd32f4xx_usart.o(.text.usart_halfduplex_enable), (18 bytes).
    Removing gd32f4xx_usart.o(.ARM.exidx.text.usart_halfduplex_enable), (8 bytes).
    Removing gd32f4xx_usart.o(.text.usart_halfduplex_disable), (18 bytes).
    Removing gd32f4xx_usart.o(.ARM.exidx.text.usart_halfduplex_disable), (8 bytes).
    Removing gd32f4xx_usart.o(.text.usart_synchronous_clock_enable), (18 bytes).
    Removing gd32f4xx_usart.o(.ARM.exidx.text.usart_synchronous_clock_enable), (8 bytes).
    Removing gd32f4xx_usart.o(.text.usart_synchronous_clock_disable), (18 bytes).
    Removing gd32f4xx_usart.o(.ARM.exidx.text.usart_synchronous_clock_disable), (8 bytes).
    Removing gd32f4xx_usart.o(.text.usart_synchronous_clock_config), (66 bytes).
    Removing gd32f4xx_usart.o(.ARM.exidx.text.usart_synchronous_clock_config), (8 bytes).
    Removing gd32f4xx_usart.o(.text.usart_guard_time_config), (34 bytes).
    Removing gd32f4xx_usart.o(.ARM.exidx.text.usart_guard_time_config), (8 bytes).
    Removing gd32f4xx_usart.o(.text.usart_smartcard_mode_enable), (18 bytes).
    Removing gd32f4xx_usart.o(.ARM.exidx.text.usart_smartcard_mode_enable), (8 bytes).
    Removing gd32f4xx_usart.o(.text.usart_smartcard_mode_disable), (18 bytes).
    Removing gd32f4xx_usart.o(.ARM.exidx.text.usart_smartcard_mode_disable), (8 bytes).
    Removing gd32f4xx_usart.o(.text.usart_smartcard_mode_nack_enable), (18 bytes).
    Removing gd32f4xx_usart.o(.ARM.exidx.text.usart_smartcard_mode_nack_enable), (8 bytes).
    Removing gd32f4xx_usart.o(.text.usart_smartcard_mode_nack_disable), (18 bytes).
    Removing gd32f4xx_usart.o(.ARM.exidx.text.usart_smartcard_mode_nack_disable), (8 bytes).
    Removing gd32f4xx_usart.o(.text.usart_smartcard_autoretry_config), (44 bytes).
    Removing gd32f4xx_usart.o(.ARM.exidx.text.usart_smartcard_autoretry_config), (8 bytes).
    Removing gd32f4xx_usart.o(.text.usart_block_length_config), (40 bytes).
    Removing gd32f4xx_usart.o(.ARM.exidx.text.usart_block_length_config), (8 bytes).
    Removing gd32f4xx_usart.o(.text.usart_irda_mode_enable), (18 bytes).
    Removing gd32f4xx_usart.o(.ARM.exidx.text.usart_irda_mode_enable), (8 bytes).
    Removing gd32f4xx_usart.o(.text.usart_irda_mode_disable), (18 bytes).
    Removing gd32f4xx_usart.o(.ARM.exidx.text.usart_irda_mode_disable), (8 bytes).
    Removing gd32f4xx_usart.o(.text.usart_prescaler_config), (34 bytes).
    Removing gd32f4xx_usart.o(.ARM.exidx.text.usart_prescaler_config), (8 bytes).
    Removing gd32f4xx_usart.o(.text.usart_irda_lowpower_config), (34 bytes).
    Removing gd32f4xx_usart.o(.ARM.exidx.text.usart_irda_lowpower_config), (8 bytes).
    Removing gd32f4xx_usart.o(.text.usart_hardware_flow_rts_config), (42 bytes).
    Removing gd32f4xx_usart.o(.ARM.exidx.text.usart_hardware_flow_rts_config), (8 bytes).
    Removing gd32f4xx_usart.o(.text.usart_hardware_flow_cts_config), (42 bytes).
    Removing gd32f4xx_usart.o(.ARM.exidx.text.usart_hardware_flow_cts_config), (8 bytes).
    Removing gd32f4xx_usart.o(.text.usart_break_frame_coherence_config), (42 bytes).
    Removing gd32f4xx_usart.o(.ARM.exidx.text.usart_break_frame_coherence_config), (8 bytes).
    Removing gd32f4xx_usart.o(.text.usart_parity_check_coherence_config), (42 bytes).
    Removing gd32f4xx_usart.o(.ARM.exidx.text.usart_parity_check_coherence_config), (8 bytes).
    Removing gd32f4xx_usart.o(.text.usart_hardware_flow_coherence_config), (42 bytes).
    Removing gd32f4xx_usart.o(.ARM.exidx.text.usart_hardware_flow_coherence_config), (8 bytes).
    Removing gd32f4xx_usart.o(.text.usart_dma_receive_config), (42 bytes).
    Removing gd32f4xx_usart.o(.ARM.exidx.text.usart_dma_receive_config), (8 bytes).
    Removing gd32f4xx_usart.o(.text.usart_dma_transmit_config), (42 bytes).
    Removing gd32f4xx_usart.o(.ARM.exidx.text.usart_dma_transmit_config), (8 bytes).
    Removing gd32f4xx_usart.o(.text.usart_flag_get), (58 bytes).
    Removing gd32f4xx_usart.o(.ARM.exidx.text.usart_flag_get), (8 bytes).
    Removing gd32f4xx_usart.o(.text.usart_flag_clear), (36 bytes).
    Removing gd32f4xx_usart.o(.ARM.exidx.text.usart_flag_clear), (8 bytes).
    Removing gd32f4xx_usart.o(.text.usart_interrupt_enable), (36 bytes).
    Removing gd32f4xx_usart.o(.ARM.exidx.text.usart_interrupt_enable), (8 bytes).
    Removing gd32f4xx_usart.o(.text.usart_interrupt_disable), (36 bytes).
    Removing gd32f4xx_usart.o(.ARM.exidx.text.usart_interrupt_disable), (8 bytes).
    Removing gd32f4xx_usart.o(.text.usart_interrupt_flag_get), (94 bytes).
    Removing gd32f4xx_usart.o(.ARM.exidx.text.usart_interrupt_flag_get), (8 bytes).
    Removing gd32f4xx_usart.o(.text.usart_interrupt_flag_clear), (32 bytes).
    Removing gd32f4xx_usart.o(.ARM.exidx.text.usart_interrupt_flag_clear), (8 bytes).
    Removing gd32f4xx_wwdgt.o(.text), (0 bytes).
    Removing gd32f4xx_wwdgt.o(.text.wwdgt_deinit), (24 bytes).
    Removing gd32f4xx_wwdgt.o(.ARM.exidx.text.wwdgt_deinit), (8 bytes).
    Removing gd32f4xx_wwdgt.o(.text.wwdgt_enable), (18 bytes).
    Removing gd32f4xx_wwdgt.o(.ARM.exidx.text.wwdgt_enable), (8 bytes).
    Removing gd32f4xx_wwdgt.o(.text.wwdgt_counter_update), (48 bytes).
    Removing gd32f4xx_wwdgt.o(.ARM.exidx.text.wwdgt_counter_update), (8 bytes).
    Removing gd32f4xx_wwdgt.o(.text.wwdgt_config), (100 bytes).
    Removing gd32f4xx_wwdgt.o(.ARM.exidx.text.wwdgt_config), (8 bytes).
    Removing gd32f4xx_wwdgt.o(.text.wwdgt_flag_get), (42 bytes).
    Removing gd32f4xx_wwdgt.o(.ARM.exidx.text.wwdgt_flag_get), (8 bytes).
    Removing gd32f4xx_wwdgt.o(.text.wwdgt_flag_clear), (18 bytes).
    Removing gd32f4xx_wwdgt.o(.ARM.exidx.text.wwdgt_flag_clear), (8 bytes).
    Removing gd32f4xx_wwdgt.o(.text.wwdgt_interrupt_enable), (18 bytes).
    Removing gd32f4xx_wwdgt.o(.ARM.exidx.text.wwdgt_interrupt_enable), (8 bytes).
    Removing system_gd32f4xx.o(.text), (0 bytes).
    Removing system_gd32f4xx.o(.ARM.exidx.text.SystemInit), (8 bytes).
    Removing system_gd32f4xx.o(.ARM.exidx.text.system_clock_config), (8 bytes).
    Removing system_gd32f4xx.o(.text.SystemCoreClockUpdate), (282 bytes).
    Removing system_gd32f4xx.o(.ARM.exidx.text.SystemCoreClockUpdate), (8 bytes).
    Removing system_gd32f4xx.o(.ARM.exidx.text.system_clock_200m_8m_hxtal), (8 bytes).
    Removing system_gd32f4xx.o(.rodata.cst16), (16 bytes).
    Removing drv_gpio.o(.text), (0 bytes).
    Removing drv_led.o(.text), (0 bytes).
    Removing bsp_gpio.o(.text), (0 bytes).
    Removing bsp_led_1.o(.text), (0 bytes).

1771 unused section(s) (total 82244 bytes) removed from the image.

==============================================================================

Image Symbol Table

    Local Symbols

    Symbol Name                              Value     Ov Type        Size  Object(Section)

    ../clib/angel/boardlib.s                 0x00000000   Number         0  boardinit1.o ABSOLUTE
    ../clib/angel/boardlib.s                 0x00000000   Number         0  boardinit2.o ABSOLUTE
    ../clib/angel/boardlib.s                 0x00000000   Number         0  boardinit3.o ABSOLUTE
    ../clib/angel/boardlib.s                 0x00000000   Number         0  boardshut.o ABSOLUTE
    ../clib/angel/handlers.s                 0x00000000   Number         0  __scatter_copy.o ABSOLUTE
    ../clib/angel/handlers.s                 0x00000000   Number         0  __scatter_zi.o ABSOLUTE
    ../clib/angel/kernel.s                   0x00000000   Number         0  __rtentry.o ABSOLUTE
    ../clib/angel/kernel.s                   0x00000000   Number         0  __rtentry2.o ABSOLUTE
    ../clib/angel/kernel.s                   0x00000000   Number         0  __rtentry4.o ABSOLUTE
    ../clib/angel/kernel.s                   0x00000000   Number         0  rtexit.o ABSOLUTE
    ../clib/angel/kernel.s                   0x00000000   Number         0  rtexit2.o ABSOLUTE
    ../clib/angel/rt.s                       0x00000000   Number         0  rt_raise.o ABSOLUTE
    ../clib/angel/scatter.s                  0x00000000   Number         0  __scatter.o ABSOLUTE
    ../clib/angel/startup.s                  0x00000000   Number         0  __main.o ABSOLUTE
    ../clib/angel/sys.s                      0x00000000   Number         0  sys_stackheap_outer.o ABSOLUTE
    ../clib/angel/sys.s                      0x00000000   Number         0  libspace.o ABSOLUTE
    ../clib/angel/sys.s                      0x00000000   Number         0  use_no_semi.o ABSOLUTE
    ../clib/angel/sys.s                      0x00000000   Number         0  indicate_semi.o ABSOLUTE
    ../clib/angel/sysapp.c                   0x00000000   Number         0  sys_exit.o ABSOLUTE
    ../clib/angel/sysapp.c                   0x00000000   Number         0  sys_exit_hlt.o ABSOLUTE
    ../clib/angel/sysapp.c                   0x00000000   Number         0  sys_command.o ABSOLUTE
    ../clib/angel/sysapp.c                   0x00000000   Number         0  sys_command_hlt.o ABSOLUTE
    ../clib/angel/sysapp.c                   0x00000000   Number         0  sys_wrch.o ABSOLUTE
    ../clib/angel/sysapp.c                   0x00000000   Number         0  sys_wrch_hlt.o ABSOLUTE
    ../clib/armsys.c                         0x00000000   Number         0  argv_veneer.o ABSOLUTE
    ../clib/armsys.c                         0x00000000   Number         0  argv_veneer.o ABSOLUTE
    ../clib/armsys.c                         0x00000000   Number         0  _get_argv_nomalloc.o ABSOLUTE
    ../clib/armsys.c                         0x00000000   Number         0  no_argv.o ABSOLUTE
    ../clib/heapalloc.c                      0x00000000   Number         0  hrguard.o ABSOLUTE
    ../clib/heapaux.c                        0x00000000   Number         0  heapauxi.o ABSOLUTE
    ../clib/libinit.s                        0x00000000   Number         0  libinit.o ABSOLUTE
    ../clib/libinit.s                        0x00000000   Number         0  libinit2.o ABSOLUTE
    ../clib/libinit.s                        0x00000000   Number         0  libshutdown.o ABSOLUTE
    ../clib/libinit.s                        0x00000000   Number         0  libshutdown2.o ABSOLUTE
    ../clib/signal.c                         0x00000000   Number         0  defsig_rtmem_outer.o ABSOLUTE
    ../clib/signal.c                         0x00000000   Number         0  defsig_rtmem_formal.o ABSOLUTE
    ../clib/signal.c                         0x00000000   Number         0  defsig_exit.o ABSOLUTE
    ../clib/signal.c                         0x00000000   Number         0  defsig_rtmem_inner.o ABSOLUTE
    ../clib/signal.c                         0x00000000   Number         0  __raise.o ABSOLUTE
    ../clib/signal.c                         0x00000000   Number         0  defsig_general.o ABSOLUTE
    ../clib/signal.c                         0x00000000   Number         0  defsig_abrt_inner.o ABSOLUTE
    ../clib/signal.c                         0x00000000   Number         0  defsig_fpe_inner.o ABSOLUTE
    ../clib/signal.c                         0x00000000   Number         0  defsig_rtred_inner.o ABSOLUTE
    ../clib/signal.c                         0x00000000   Number         0  defsig_stak_inner.o ABSOLUTE
    ../clib/signal.c                         0x00000000   Number         0  defsig_pvfn_inner.o ABSOLUTE
    ../clib/signal.c                         0x00000000   Number         0  defsig_cppl_inner.o ABSOLUTE
    ../clib/signal.c                         0x00000000   Number         0  defsig_segv_inner.o ABSOLUTE
    ../clib/signal.c                         0x00000000   Number         0  defsig_other.o ABSOLUTE
    ../clib/signal.s                         0x00000000   Number         0  defsig.o ABSOLUTE
    ../clib/stdlib.c                         0x00000000   Number         0  exit.o ABSOLUTE
    ../fplib/fpinit.s                        0x00000000   Number         0  fpinit.o ABSOLUTE
    ../periph/CMSIS/GD/GD32F4xx/Source/ARM/startup_gd32f405_425.s 0x00000000   Number         0  startup_gd32f405_425.o ABSOLUTE
    bsp_gpio.c                               0x00000000   Number         0  bsp_gpio.o ABSOLUTE
    bsp_led.c                                0x00000000   Number         0  bsp_led_1.o ABSOLUTE
    dc.s                                     0x00000000   Number         0  dc.o ABSOLUTE
    drv_gpio.c                               0x00000000   Number         0  drv_gpio.o ABSOLUTE
    drv_led.c                                0x00000000   Number         0  drv_led.o ABSOLUTE
    gd32f4xx_adc.c                           0x00000000   Number         0  gd32f4xx_adc.o ABSOLUTE
    gd32f4xx_can.c                           0x00000000   Number         0  gd32f4xx_can.o ABSOLUTE
    gd32f4xx_crc.c                           0x00000000   Number         0  gd32f4xx_crc.o ABSOLUTE
    gd32f4xx_ctc.c                           0x00000000   Number         0  gd32f4xx_ctc.o ABSOLUTE
    gd32f4xx_dac.c                           0x00000000   Number         0  gd32f4xx_dac.o ABSOLUTE
    gd32f4xx_dbg.c                           0x00000000   Number         0  gd32f4xx_dbg.o ABSOLUTE
    gd32f4xx_dci.c                           0x00000000   Number         0  gd32f4xx_dci.o ABSOLUTE
    gd32f4xx_dma.c                           0x00000000   Number         0  gd32f4xx_dma.o ABSOLUTE
    gd32f4xx_enet.c                          0x00000000   Number         0  gd32f4xx_enet.o ABSOLUTE
    gd32f4xx_exmc.c                          0x00000000   Number         0  gd32f4xx_exmc.o ABSOLUTE
    gd32f4xx_exti.c                          0x00000000   Number         0  gd32f4xx_exti.o ABSOLUTE
    gd32f4xx_fmc.c                           0x00000000   Number         0  gd32f4xx_fmc.o ABSOLUTE
    gd32f4xx_fwdgt.c                         0x00000000   Number         0  gd32f4xx_fwdgt.o ABSOLUTE
    gd32f4xx_gpio.c                          0x00000000   Number         0  gd32f4xx_gpio.o ABSOLUTE
    gd32f4xx_i2c.c                           0x00000000   Number         0  gd32f4xx_i2c.o ABSOLUTE
    gd32f4xx_ipa.c                           0x00000000   Number         0  gd32f4xx_ipa.o ABSOLUTE
    gd32f4xx_iref.c                          0x00000000   Number         0  gd32f4xx_iref.o ABSOLUTE
    gd32f4xx_it.c                            0x00000000   Number         0  gd32f4xx_it.o ABSOLUTE
    gd32f4xx_misc.c                          0x00000000   Number         0  gd32f4xx_misc.o ABSOLUTE
    gd32f4xx_pmu.c                           0x00000000   Number         0  gd32f4xx_pmu.o ABSOLUTE
    gd32f4xx_rcu.c                           0x00000000   Number         0  gd32f4xx_rcu.o ABSOLUTE
    gd32f4xx_rtc.c                           0x00000000   Number         0  gd32f4xx_rtc.o ABSOLUTE
    gd32f4xx_sdio.c                          0x00000000   Number         0  gd32f4xx_sdio.o ABSOLUTE
    gd32f4xx_spi.c                           0x00000000   Number         0  gd32f4xx_spi.o ABSOLUTE
    gd32f4xx_syscfg.c                        0x00000000   Number         0  gd32f4xx_syscfg.o ABSOLUTE
    gd32f4xx_timer.c                         0x00000000   Number         0  gd32f4xx_timer.o ABSOLUTE
    gd32f4xx_tli.c                           0x00000000   Number         0  gd32f4xx_tli.o ABSOLUTE
    gd32f4xx_trng.c                          0x00000000   Number         0  gd32f4xx_trng.o ABSOLUTE
    gd32f4xx_usart.c                         0x00000000   Number         0  gd32f4xx_usart.o ABSOLUTE
    gd32f4xx_wwdgt.c                         0x00000000   Number         0  gd32f4xx_wwdgt.o ABSOLUTE
    main.c                                   0x00000000   Number         0  main.o ABSOLUTE
    sys_param.c                              0x00000000   Number         0  sys_param.o ABSOLUTE
    system_gd32f4xx.c                        0x00000000   Number         0  system_gd32f4xx.o ABSOLUTE
    systick.c                                0x00000000   Number         0  systick.o ABSOLUTE
    RESET                                    0x08000000   Section      392  startup_gd32f405_425.o(RESET)
    !!!main                                  0x08000188   Section        8  __main.o(!!!main)
    !!!scatter                               0x08000190   Section       52  __scatter.o(!!!scatter)
    !!handler_copy                           0x080001c4   Section       26  __scatter_copy.o(!!handler_copy)
    !!handler_zi                             0x080001e0   Section       28  __scatter_zi.o(!!handler_zi)
    .ARM.Collect$$libinit$$00000000          0x080001fc   Section        2  libinit.o(.ARM.Collect$$libinit$$00000000)
    .ARM.Collect$$libinit$$00000001          0x080001fe   Section        4  libinit2.o(.ARM.Collect$$libinit$$00000001)
    .ARM.Collect$$libinit$$00000004          0x08000202   Section        0  libinit2.o(.ARM.Collect$$libinit$$00000004)
    .ARM.Collect$$libinit$$00000006          0x08000202   Section        0  libinit2.o(.ARM.Collect$$libinit$$00000006)
    .ARM.Collect$$libinit$$0000000C          0x08000202   Section        0  libinit2.o(.ARM.Collect$$libinit$$0000000C)
    .ARM.Collect$$libinit$$0000000E          0x08000202   Section        0  libinit2.o(.ARM.Collect$$libinit$$0000000E)
    .ARM.Collect$$libinit$$00000010          0x08000202   Section        0  libinit2.o(.ARM.Collect$$libinit$$00000010)
    .ARM.Collect$$libinit$$00000013          0x08000202   Section        0  libinit2.o(.ARM.Collect$$libinit$$00000013)
    .ARM.Collect$$libinit$$00000015          0x08000202   Section        0  libinit2.o(.ARM.Collect$$libinit$$00000015)
    .ARM.Collect$$libinit$$00000017          0x08000202   Section        0  libinit2.o(.ARM.Collect$$libinit$$00000017)
    .ARM.Collect$$libinit$$00000019          0x08000202   Section        0  libinit2.o(.ARM.Collect$$libinit$$00000019)
    .ARM.Collect$$libinit$$0000001B          0x08000202   Section        0  libinit2.o(.ARM.Collect$$libinit$$0000001B)
    .ARM.Collect$$libinit$$0000001D          0x08000202   Section        0  libinit2.o(.ARM.Collect$$libinit$$0000001D)
    .ARM.Collect$$libinit$$0000001F          0x08000202   Section        0  libinit2.o(.ARM.Collect$$libinit$$0000001F)
    .ARM.Collect$$libinit$$00000021          0x08000202   Section        0  libinit2.o(.ARM.Collect$$libinit$$00000021)
    .ARM.Collect$$libinit$$00000023          0x08000202   Section        0  libinit2.o(.ARM.Collect$$libinit$$00000023)
    .ARM.Collect$$libinit$$00000025          0x08000202   Section        0  libinit2.o(.ARM.Collect$$libinit$$00000025)
    .ARM.Collect$$libinit$$00000027          0x08000202   Section        0  libinit2.o(.ARM.Collect$$libinit$$00000027)
    .ARM.Collect$$libinit$$0000002E          0x08000202   Section        0  libinit2.o(.ARM.Collect$$libinit$$0000002E)
    .ARM.Collect$$libinit$$00000030          0x08000202   Section        0  libinit2.o(.ARM.Collect$$libinit$$00000030)
    .ARM.Collect$$libinit$$00000032          0x08000202   Section        0  libinit2.o(.ARM.Collect$$libinit$$00000032)
    .ARM.Collect$$libinit$$00000034          0x08000202   Section        0  libinit2.o(.ARM.Collect$$libinit$$00000034)
    .ARM.Collect$$libinit$$00000035          0x08000202   Section        2  libinit2.o(.ARM.Collect$$libinit$$00000035)
    .ARM.Collect$$libshutdown$$00000000      0x08000204   Section        2  libshutdown.o(.ARM.Collect$$libshutdown$$00000000)
    .ARM.Collect$$libshutdown$$00000002      0x08000206   Section        0  libshutdown2.o(.ARM.Collect$$libshutdown$$00000002)
    .ARM.Collect$$libshutdown$$00000004      0x08000206   Section        0  libshutdown2.o(.ARM.Collect$$libshutdown$$00000004)
    .ARM.Collect$$libshutdown$$00000007      0x08000206   Section        0  libshutdown2.o(.ARM.Collect$$libshutdown$$00000007)
    .ARM.Collect$$libshutdown$$0000000A      0x08000206   Section        0  libshutdown2.o(.ARM.Collect$$libshutdown$$0000000A)
    .ARM.Collect$$libshutdown$$0000000C      0x08000206   Section        0  libshutdown2.o(.ARM.Collect$$libshutdown$$0000000C)
    .ARM.Collect$$libshutdown$$0000000F      0x08000206   Section        0  libshutdown2.o(.ARM.Collect$$libshutdown$$0000000F)
    .ARM.Collect$$libshutdown$$00000010      0x08000206   Section        2  libshutdown2.o(.ARM.Collect$$libshutdown$$00000010)
    .ARM.Collect$$rtentry$$00000000          0x08000208   Section        0  __rtentry.o(.ARM.Collect$$rtentry$$00000000)
    .ARM.Collect$$rtentry$$00000002          0x08000208   Section        0  __rtentry2.o(.ARM.Collect$$rtentry$$00000002)
    .ARM.Collect$$rtentry$$00000004          0x08000208   Section        6  __rtentry4.o(.ARM.Collect$$rtentry$$00000004)
    .ARM.Collect$$rtentry$$00000009          0x0800020e   Section        0  __rtentry2.o(.ARM.Collect$$rtentry$$00000009)
    .ARM.Collect$$rtentry$$0000000A          0x0800020e   Section        4  __rtentry2.o(.ARM.Collect$$rtentry$$0000000A)
    .ARM.Collect$$rtentry$$0000000C          0x08000212   Section        0  __rtentry2.o(.ARM.Collect$$rtentry$$0000000C)
    .ARM.Collect$$rtentry$$0000000D          0x08000212   Section        8  __rtentry2.o(.ARM.Collect$$rtentry$$0000000D)
    .ARM.Collect$$rtexit$$00000000           0x0800021a   Section        2  rtexit.o(.ARM.Collect$$rtexit$$00000000)
    .ARM.Collect$$rtexit$$00000002           0x0800021c   Section        0  rtexit2.o(.ARM.Collect$$rtexit$$00000002)
    .ARM.Collect$$rtexit$$00000003           0x0800021c   Section        4  rtexit2.o(.ARM.Collect$$rtexit$$00000003)
    .ARM.Collect$$rtexit$$00000004           0x08000220   Section        6  rtexit2.o(.ARM.Collect$$rtexit$$00000004)
    $v0                                      0x08000228   Number         0  startup_gd32f405_425.o(.text)
    .text                                    0x08000228   Section       64  startup_gd32f405_425.o(.text)
    .text                                    0x08000268   Section        0  heapauxi.o(.text)
    .text                                    0x0800026e   Section       74  sys_stackheap_outer.o(.text)
    .text                                    0x080002b8   Section        0  exit.o(.text)
    .text                                    0x080002cc   Section        8  libspace.o(.text)
    .text                                    0x080002d4   Section        0  sys_exit.o(.text)
    .text                                    0x080002e0   Section        2  use_no_semi.o(.text)
    .text                                    0x080002e2   Section        0  indicate_semi.o(.text)
    [Anonymous Symbol]                       0x080002e4   Section        0  gd32f4xx_it.o(.text.BusFault_Handler)
    [Anonymous Symbol]                       0x080002e8   Section        0  gd32f4xx_it.o(.text.DebugMon_Handler)
    [Anonymous Symbol]                       0x080002ec   Section        0  gd32f4xx_it.o(.text.HardFault_Handler)
    [Anonymous Symbol]                       0x080002f0   Section        0  gd32f4xx_it.o(.text.MemManage_Handler)
    [Anonymous Symbol]                       0x080002f4   Section        0  gd32f4xx_it.o(.text.NMI_Handler)
    [Anonymous Symbol]                       0x080002f8   Section        0  gd32f4xx_it.o(.text.PendSV_Handler)
    [Anonymous Symbol]                       0x080002fc   Section        0  gd32f4xx_it.o(.text.SVC_Handler)
    SysTick_Config                           0x08000301   Thumb Code    82  systick.o(.text.SysTick_Config)
    [Anonymous Symbol]                       0x08000300   Section        0  systick.o(.text.SysTick_Config)
    [Anonymous Symbol]                       0x08000354   Section        0  gd32f4xx_it.o(.text.SysTick_Handler)
    [Anonymous Symbol]                       0x08000360   Section        0  system_gd32f4xx.o(.text.SystemInit)
    [Anonymous Symbol]                       0x08000448   Section        0  gd32f4xx_it.o(.text.UsageFault_Handler)
    __NVIC_SetPriority                       0x0800044d   Thumb Code    66  systick.o(.text.__NVIC_SetPriority)
    [Anonymous Symbol]                       0x0800044c   Section        0  systick.o(.text.__NVIC_SetPriority)
    [Anonymous Symbol]                       0x08000490   Section        0  systick.o(.text.delay_decrement)
    [Anonymous Symbol]                       0x080004b0   Section        0  main.o(.text.main)
    [Anonymous Symbol]                       0x080004c0   Section        0  systick.o(.text.sys_tick_ms_inc)
    system_clock_200m_8m_hxtal               0x080004d1   Thumb Code   350  system_gd32f4xx.o(.text.system_clock_200m_8m_hxtal)
    [Anonymous Symbol]                       0x080004d0   Section        0  system_gd32f4xx.o(.text.system_clock_200m_8m_hxtal)
    system_clock_config                      0x08000631   Thumb Code     8  system_gd32f4xx.o(.text.system_clock_config)
    [Anonymous Symbol]                       0x08000630   Section        0  system_gd32f4xx.o(.text.system_clock_config)
    [Anonymous Symbol]                       0x08000638   Section        0  systick.o(.text.systick_config)
    $v0                                      0x0800066a   Number         0  fpinit.o(x$fpl$fpinit)
    x$fpl$fpinit                             0x0800066a   Section       26  fpinit.o(x$fpl$fpinit)
    .bss                                     0x20000008   Section       96  libspace.o(.bss)
    delay                                    0x20000068   Data           4  systick.o(.bss.delay)
    [Anonymous Symbol]                       0x20000068   Section        0  systick.o(.bss.delay)
    sys_tick_ms                              0x2000006c   Data           4  systick.o(.bss.sys_tick_ms)
    [Anonymous Symbol]                       0x2000006c   Section        0  systick.o(.bss.sys_tick_ms)
    Heap_Mem                                 0x20000070   Data        1024  startup_gd32f405_425.o(HEAP)
    HEAP                                     0x20000070   Section     1024  startup_gd32f405_425.o(HEAP)
    Stack_Mem                                0x20000470   Data        1024  startup_gd32f405_425.o(STACK)
    STACK                                    0x20000470   Section     1024  startup_gd32f405_425.o(STACK)
    __initial_sp                             0x20000870   Data           0  startup_gd32f405_425.o(STACK)

    Global Symbols

    Symbol Name                              Value     Ov Type        Size  Object(Section)

    BuildAttributes$$THM_ISAv4$E$P$D$K$B$S$7EM$VFPi3$EXTD16$VFPS$VFMA$PE$A:L22UL41UL21$X:L11$S22US41US21$IEEE1$IW$~IW$USESV6$~STKCKD$USESV7$~SHL$OSPACE$ROPI$EBA8$UX$STANDARDLIB$REQ8$PRES8$EABIv2 0x00000000   Number         0  anon$$obj.o ABSOLUTE
    __ARM_exceptions_init                     - Undefined Weak Reference
    __alloca_initialize                       - Undefined Weak Reference
    __arm_preinit_                            - Undefined Weak Reference
    __arm_relocate_pie_                       - Undefined Weak Reference
    __cpp_initialize__aeabi_                  - Undefined Weak Reference
    __cxa_finalize                            - Undefined Weak Reference
    __rt_locale                               - Undefined Weak Reference
    __sigvec_lookup                           - Undefined Weak Reference
    _atexit_init                              - Undefined Weak Reference
    _call_atexit_fns                          - Undefined Weak Reference
    _clock_init                               - Undefined Weak Reference
    _fp_trap_init                             - Undefined Weak Reference
    _fp_trap_shutdown                         - Undefined Weak Reference
    _get_lc_collate                           - Undefined Weak Reference
    _get_lc_ctype                             - Undefined Weak Reference
    _get_lc_monetary                          - Undefined Weak Reference
    _get_lc_numeric                           - Undefined Weak Reference
    _get_lc_time                              - Undefined Weak Reference
    _getenv_init                              - Undefined Weak Reference
    _handle_redirection                       - Undefined Weak Reference
    _init_alloc                               - Undefined Weak Reference
    _init_user_alloc                          - Undefined Weak Reference
    _initio                                   - Undefined Weak Reference
    _rand_init                                - Undefined Weak Reference
    _signal_finish                            - Undefined Weak Reference
    _signal_init                              - Undefined Weak Reference
    _terminate_alloc                          - Undefined Weak Reference
    _terminate_user_alloc                     - Undefined Weak Reference
    _terminateio                              - Undefined Weak Reference
    __Vectors_Size                           0x00000188   Number         0  startup_gd32f405_425.o ABSOLUTE
    __Vectors                                0x08000000   Data           4  startup_gd32f405_425.o(RESET)
    __Vectors_End                            0x08000188   Data           0  startup_gd32f405_425.o(RESET)
    __main                                   0x08000189   Thumb Code     8  __main.o(!!!main)
    __scatterload                            0x08000191   Thumb Code     0  __scatter.o(!!!scatter)
    __scatterload_rt2                        0x08000191   Thumb Code    44  __scatter.o(!!!scatter)
    __scatterload_rt2_thumb_only             0x08000191   Thumb Code     0  __scatter.o(!!!scatter)
    __scatterload_null                       0x0800019f   Thumb Code     0  __scatter.o(!!!scatter)
    __scatterload_copy                       0x080001c5   Thumb Code    26  __scatter_copy.o(!!handler_copy)
    __scatterload_zeroinit                   0x080001e1   Thumb Code    28  __scatter_zi.o(!!handler_zi)
    __rt_lib_init                            0x080001fd   Thumb Code     0  libinit.o(.ARM.Collect$$libinit$$00000000)
    __rt_lib_init_fp_1                       0x080001ff   Thumb Code     0  libinit2.o(.ARM.Collect$$libinit$$00000001)
    __rt_lib_init_alloca_1                   0x08000203   Thumb Code     0  libinit2.o(.ARM.Collect$$libinit$$00000030)
    __rt_lib_init_argv_1                     0x08000203   Thumb Code     0  libinit2.o(.ARM.Collect$$libinit$$0000002E)
    __rt_lib_init_atexit_1                   0x08000203   Thumb Code     0  libinit2.o(.ARM.Collect$$libinit$$0000001D)
    __rt_lib_init_clock_1                    0x08000203   Thumb Code     0  libinit2.o(.ARM.Collect$$libinit$$00000023)
    __rt_lib_init_cpp_1                      0x08000203   Thumb Code     0  libinit2.o(.ARM.Collect$$libinit$$00000034)
    __rt_lib_init_exceptions_1               0x08000203   Thumb Code     0  libinit2.o(.ARM.Collect$$libinit$$00000032)
    __rt_lib_init_fp_trap_1                  0x08000203   Thumb Code     0  libinit2.o(.ARM.Collect$$libinit$$00000021)
    __rt_lib_init_getenv_1                   0x08000203   Thumb Code     0  libinit2.o(.ARM.Collect$$libinit$$00000025)
    __rt_lib_init_heap_1                     0x08000203   Thumb Code     0  libinit2.o(.ARM.Collect$$libinit$$0000000C)
    __rt_lib_init_lc_collate_1               0x08000203   Thumb Code     0  libinit2.o(.ARM.Collect$$libinit$$00000013)
    __rt_lib_init_lc_ctype_1                 0x08000203   Thumb Code     0  libinit2.o(.ARM.Collect$$libinit$$00000015)
    __rt_lib_init_lc_monetary_1              0x08000203   Thumb Code     0  libinit2.o(.ARM.Collect$$libinit$$00000017)
    __rt_lib_init_lc_numeric_1               0x08000203   Thumb Code     0  libinit2.o(.ARM.Collect$$libinit$$00000019)
    __rt_lib_init_lc_time_1                  0x08000203   Thumb Code     0  libinit2.o(.ARM.Collect$$libinit$$0000001B)
    __rt_lib_init_preinit_1                  0x08000203   Thumb Code     0  libinit2.o(.ARM.Collect$$libinit$$00000006)
    __rt_lib_init_rand_1                     0x08000203   Thumb Code     0  libinit2.o(.ARM.Collect$$libinit$$00000010)
    __rt_lib_init_relocate_pie_1             0x08000203   Thumb Code     0  libinit2.o(.ARM.Collect$$libinit$$00000004)
    __rt_lib_init_return                     0x08000203   Thumb Code     0  libinit2.o(.ARM.Collect$$libinit$$00000035)
    __rt_lib_init_signal_1                   0x08000203   Thumb Code     0  libinit2.o(.ARM.Collect$$libinit$$0000001F)
    __rt_lib_init_stdio_1                    0x08000203   Thumb Code     0  libinit2.o(.ARM.Collect$$libinit$$00000027)
    __rt_lib_init_user_alloc_1               0x08000203   Thumb Code     0  libinit2.o(.ARM.Collect$$libinit$$0000000E)
    __rt_lib_shutdown                        0x08000205   Thumb Code     0  libshutdown.o(.ARM.Collect$$libshutdown$$00000000)
    __rt_lib_shutdown_cpp_1                  0x08000207   Thumb Code     0  libshutdown2.o(.ARM.Collect$$libshutdown$$00000002)
    __rt_lib_shutdown_fp_trap_1              0x08000207   Thumb Code     0  libshutdown2.o(.ARM.Collect$$libshutdown$$00000007)
    __rt_lib_shutdown_heap_1                 0x08000207   Thumb Code     0  libshutdown2.o(.ARM.Collect$$libshutdown$$0000000F)
    __rt_lib_shutdown_return                 0x08000207   Thumb Code     0  libshutdown2.o(.ARM.Collect$$libshutdown$$00000010)
    __rt_lib_shutdown_signal_1               0x08000207   Thumb Code     0  libshutdown2.o(.ARM.Collect$$libshutdown$$0000000A)
    __rt_lib_shutdown_stdio_1                0x08000207   Thumb Code     0  libshutdown2.o(.ARM.Collect$$libshutdown$$00000004)
    __rt_lib_shutdown_user_alloc_1           0x08000207   Thumb Code     0  libshutdown2.o(.ARM.Collect$$libshutdown$$0000000C)
    __rt_entry                               0x08000209   Thumb Code     0  __rtentry.o(.ARM.Collect$$rtentry$$00000000)
    __rt_entry_presh_1                       0x08000209   Thumb Code     0  __rtentry2.o(.ARM.Collect$$rtentry$$00000002)
    __rt_entry_sh                            0x08000209   Thumb Code     0  __rtentry4.o(.ARM.Collect$$rtentry$$00000004)
    __rt_entry_li                            0x0800020f   Thumb Code     0  __rtentry2.o(.ARM.Collect$$rtentry$$0000000A)
    __rt_entry_postsh_1                      0x0800020f   Thumb Code     0  __rtentry2.o(.ARM.Collect$$rtentry$$00000009)
    __rt_entry_main                          0x08000213   Thumb Code     0  __rtentry2.o(.ARM.Collect$$rtentry$$0000000D)
    __rt_entry_postli_1                      0x08000213   Thumb Code     0  __rtentry2.o(.ARM.Collect$$rtentry$$0000000C)
    __rt_exit                                0x0800021b   Thumb Code     0  rtexit.o(.ARM.Collect$$rtexit$$00000000)
    __rt_exit_ls                             0x0800021d   Thumb Code     0  rtexit2.o(.ARM.Collect$$rtexit$$00000003)
    __rt_exit_prels_1                        0x0800021d   Thumb Code     0  rtexit2.o(.ARM.Collect$$rtexit$$00000002)
    __rt_exit_exit                           0x08000221   Thumb Code     0  rtexit2.o(.ARM.Collect$$rtexit$$00000004)
    Reset_Handler                            0x08000229   Thumb Code     8  startup_gd32f405_425.o(.text)
    ADC_IRQHandler                           0x08000243   Thumb Code     0  startup_gd32f405_425.o(.text)
    CAN0_EWMC_IRQHandler                     0x08000243   Thumb Code     0  startup_gd32f405_425.o(.text)
    CAN0_RX0_IRQHandler                      0x08000243   Thumb Code     0  startup_gd32f405_425.o(.text)
    CAN0_RX1_IRQHandler                      0x08000243   Thumb Code     0  startup_gd32f405_425.o(.text)
    CAN0_TX_IRQHandler                       0x08000243   Thumb Code     0  startup_gd32f405_425.o(.text)
    CAN1_EWMC_IRQHandler                     0x08000243   Thumb Code     0  startup_gd32f405_425.o(.text)
    CAN1_RX0_IRQHandler                      0x08000243   Thumb Code     0  startup_gd32f405_425.o(.text)
    CAN1_RX1_IRQHandler                      0x08000243   Thumb Code     0  startup_gd32f405_425.o(.text)
    CAN1_TX_IRQHandler                       0x08000243   Thumb Code     0  startup_gd32f405_425.o(.text)
    DCI_IRQHandler                           0x08000243   Thumb Code     0  startup_gd32f405_425.o(.text)
    DMA0_Channel0_IRQHandler                 0x08000243   Thumb Code     0  startup_gd32f405_425.o(.text)
    DMA0_Channel1_IRQHandler                 0x08000243   Thumb Code     0  startup_gd32f405_425.o(.text)
    DMA0_Channel2_IRQHandler                 0x08000243   Thumb Code     0  startup_gd32f405_425.o(.text)
    DMA0_Channel3_IRQHandler                 0x08000243   Thumb Code     0  startup_gd32f405_425.o(.text)
    DMA0_Channel4_IRQHandler                 0x08000243   Thumb Code     0  startup_gd32f405_425.o(.text)
    DMA0_Channel5_IRQHandler                 0x08000243   Thumb Code     0  startup_gd32f405_425.o(.text)
    DMA0_Channel6_IRQHandler                 0x08000243   Thumb Code     0  startup_gd32f405_425.o(.text)
    DMA0_Channel7_IRQHandler                 0x08000243   Thumb Code     0  startup_gd32f405_425.o(.text)
    DMA1_Channel0_IRQHandler                 0x08000243   Thumb Code     0  startup_gd32f405_425.o(.text)
    DMA1_Channel1_IRQHandler                 0x08000243   Thumb Code     0  startup_gd32f405_425.o(.text)
    DMA1_Channel2_IRQHandler                 0x08000243   Thumb Code     0  startup_gd32f405_425.o(.text)
    DMA1_Channel3_IRQHandler                 0x08000243   Thumb Code     0  startup_gd32f405_425.o(.text)
    DMA1_Channel4_IRQHandler                 0x08000243   Thumb Code     0  startup_gd32f405_425.o(.text)
    DMA1_Channel5_IRQHandler                 0x08000243   Thumb Code     0  startup_gd32f405_425.o(.text)
    DMA1_Channel6_IRQHandler                 0x08000243   Thumb Code     0  startup_gd32f405_425.o(.text)
    DMA1_Channel7_IRQHandler                 0x08000243   Thumb Code     0  startup_gd32f405_425.o(.text)
    EXTI0_IRQHandler                         0x08000243   Thumb Code     0  startup_gd32f405_425.o(.text)
    EXTI10_15_IRQHandler                     0x08000243   Thumb Code     0  startup_gd32f405_425.o(.text)
    EXTI1_IRQHandler                         0x08000243   Thumb Code     0  startup_gd32f405_425.o(.text)
    EXTI2_IRQHandler                         0x08000243   Thumb Code     0  startup_gd32f405_425.o(.text)
    EXTI3_IRQHandler                         0x08000243   Thumb Code     0  startup_gd32f405_425.o(.text)
    EXTI4_IRQHandler                         0x08000243   Thumb Code     0  startup_gd32f405_425.o(.text)
    EXTI5_9_IRQHandler                       0x08000243   Thumb Code     0  startup_gd32f405_425.o(.text)
    FMC_IRQHandler                           0x08000243   Thumb Code     0  startup_gd32f405_425.o(.text)
    FPU_IRQHandler                           0x08000243   Thumb Code     0  startup_gd32f405_425.o(.text)
    I2C0_ER_IRQHandler                       0x08000243   Thumb Code     0  startup_gd32f405_425.o(.text)
    I2C0_EV_IRQHandler                       0x08000243   Thumb Code     0  startup_gd32f405_425.o(.text)
    I2C1_ER_IRQHandler                       0x08000243   Thumb Code     0  startup_gd32f405_425.o(.text)
    I2C1_EV_IRQHandler                       0x08000243   Thumb Code     0  startup_gd32f405_425.o(.text)
    I2C2_ER_IRQHandler                       0x08000243   Thumb Code     0  startup_gd32f405_425.o(.text)
    I2C2_EV_IRQHandler                       0x08000243   Thumb Code     0  startup_gd32f405_425.o(.text)
    LVD_IRQHandler                           0x08000243   Thumb Code     0  startup_gd32f405_425.o(.text)
    RCU_CTC_IRQHandler                       0x08000243   Thumb Code     0  startup_gd32f405_425.o(.text)
    RTC_Alarm_IRQHandler                     0x08000243   Thumb Code     0  startup_gd32f405_425.o(.text)
    RTC_WKUP_IRQHandler                      0x08000243   Thumb Code     0  startup_gd32f405_425.o(.text)
    SDIO_IRQHandler                          0x08000243   Thumb Code     0  startup_gd32f405_425.o(.text)
    SPI0_IRQHandler                          0x08000243   Thumb Code     0  startup_gd32f405_425.o(.text)
    SPI1_IRQHandler                          0x08000243   Thumb Code     0  startup_gd32f405_425.o(.text)
    SPI2_IRQHandler                          0x08000243   Thumb Code     0  startup_gd32f405_425.o(.text)
    TAMPER_STAMP_IRQHandler                  0x08000243   Thumb Code     0  startup_gd32f405_425.o(.text)
    TIMER0_BRK_TIMER8_IRQHandler             0x08000243   Thumb Code     0  startup_gd32f405_425.o(.text)
    TIMER0_Channel_IRQHandler                0x08000243   Thumb Code     0  startup_gd32f405_425.o(.text)
    TIMER0_TRG_CMT_TIMER10_IRQHandler        0x08000243   Thumb Code     0  startup_gd32f405_425.o(.text)
    TIMER0_UP_TIMER9_IRQHandler              0x08000243   Thumb Code     0  startup_gd32f405_425.o(.text)
    TIMER1_IRQHandler                        0x08000243   Thumb Code     0  startup_gd32f405_425.o(.text)
    TIMER2_IRQHandler                        0x08000243   Thumb Code     0  startup_gd32f405_425.o(.text)
    TIMER3_IRQHandler                        0x08000243   Thumb Code     0  startup_gd32f405_425.o(.text)
    TIMER4_IRQHandler                        0x08000243   Thumb Code     0  startup_gd32f405_425.o(.text)
    TIMER5_DAC_IRQHandler                    0x08000243   Thumb Code     0  startup_gd32f405_425.o(.text)
    TIMER6_IRQHandler                        0x08000243   Thumb Code     0  startup_gd32f405_425.o(.text)
    TIMER7_BRK_TIMER11_IRQHandler            0x08000243   Thumb Code     0  startup_gd32f405_425.o(.text)
    TIMER7_Channel_IRQHandler                0x08000243   Thumb Code     0  startup_gd32f405_425.o(.text)
    TIMER7_TRG_CMT_TIMER13_IRQHandler        0x08000243   Thumb Code     0  startup_gd32f405_425.o(.text)
    TIMER7_UP_TIMER12_IRQHandler             0x08000243   Thumb Code     0  startup_gd32f405_425.o(.text)
    TRNG_IRQHandler                          0x08000243   Thumb Code     0  startup_gd32f405_425.o(.text)
    UART3_IRQHandler                         0x08000243   Thumb Code     0  startup_gd32f405_425.o(.text)
    UART4_IRQHandler                         0x08000243   Thumb Code     0  startup_gd32f405_425.o(.text)
    USART0_IRQHandler                        0x08000243   Thumb Code     0  startup_gd32f405_425.o(.text)
    USART1_IRQHandler                        0x08000243   Thumb Code     0  startup_gd32f405_425.o(.text)
    USART2_IRQHandler                        0x08000243   Thumb Code     0  startup_gd32f405_425.o(.text)
    USART5_IRQHandler                        0x08000243   Thumb Code     0  startup_gd32f405_425.o(.text)
    USBFS_IRQHandler                         0x08000243   Thumb Code     0  startup_gd32f405_425.o(.text)
    USBFS_WKUP_IRQHandler                    0x08000243   Thumb Code     0  startup_gd32f405_425.o(.text)
    USBHS_EP1_In_IRQHandler                  0x08000243   Thumb Code     0  startup_gd32f405_425.o(.text)
    USBHS_EP1_Out_IRQHandler                 0x08000243   Thumb Code     0  startup_gd32f405_425.o(.text)
    USBHS_IRQHandler                         0x08000243   Thumb Code     0  startup_gd32f405_425.o(.text)
    USBHS_WKUP_IRQHandler                    0x08000243   Thumb Code     0  startup_gd32f405_425.o(.text)
    WWDGT_IRQHandler                         0x08000243   Thumb Code     0  startup_gd32f405_425.o(.text)
    __user_initial_stackheap                 0x08000245   Thumb Code    10  startup_gd32f405_425.o(.text)
    __use_two_region_memory                  0x08000269   Thumb Code     2  heapauxi.o(.text)
    __rt_heap_escrow$2region                 0x0800026b   Thumb Code     2  heapauxi.o(.text)
    __rt_heap_expand$2region                 0x0800026d   Thumb Code     2  heapauxi.o(.text)
    __user_setup_stackheap                   0x0800026f   Thumb Code    74  sys_stackheap_outer.o(.text)
    exit                                     0x080002b9   Thumb Code    18  exit.o(.text)
    __user_libspace                          0x080002cd   Thumb Code     8  libspace.o(.text)
    __user_perproc_libspace                  0x080002cd   Thumb Code     0  libspace.o(.text)
    __user_perthread_libspace                0x080002cd   Thumb Code     0  libspace.o(.text)
    _sys_exit                                0x080002d5   Thumb Code     8  sys_exit.o(.text)
    __I$use$semihosting                      0x080002e1   Thumb Code     0  use_no_semi.o(.text)
    __use_no_semihosting_swi                 0x080002e1   Thumb Code     2  use_no_semi.o(.text)
    __semihosting_library_function           0x080002e3   Thumb Code     0  indicate_semi.o(.text)
    BusFault_Handler                         0x080002e5   Thumb Code     4  gd32f4xx_it.o(.text.BusFault_Handler)
    DebugMon_Handler                         0x080002e9   Thumb Code     2  gd32f4xx_it.o(.text.DebugMon_Handler)
    HardFault_Handler                        0x080002ed   Thumb Code     4  gd32f4xx_it.o(.text.HardFault_Handler)
    MemManage_Handler                        0x080002f1   Thumb Code     4  gd32f4xx_it.o(.text.MemManage_Handler)
    NMI_Handler                              0x080002f5   Thumb Code     2  gd32f4xx_it.o(.text.NMI_Handler)
    PendSV_Handler                           0x080002f9   Thumb Code     2  gd32f4xx_it.o(.text.PendSV_Handler)
    SVC_Handler                              0x080002fd   Thumb Code     2  gd32f4xx_it.o(.text.SVC_Handler)
    SysTick_Handler                          0x08000355   Thumb Code    12  gd32f4xx_it.o(.text.SysTick_Handler)
    SystemInit                               0x08000361   Thumb Code   232  system_gd32f4xx.o(.text.SystemInit)
    UsageFault_Handler                       0x08000449   Thumb Code     4  gd32f4xx_it.o(.text.UsageFault_Handler)
    delay_decrement                          0x08000491   Thumb Code    32  systick.o(.text.delay_decrement)
    main                                     0x080004b1   Thumb Code    16  main.o(.text.main)
    sys_tick_ms_inc                          0x080004c1   Thumb Code    16  systick.o(.text.sys_tick_ms_inc)
    systick_config                           0x08000639   Thumb Code    50  systick.o(.text.systick_config)
    _fp_init                                 0x0800066b   Thumb Code    26  fpinit.o(x$fpl$fpinit)
    __fplib_config_fpu_vfp                   0x08000683   Thumb Code     0  fpinit.o(x$fpl$fpinit)
    __fplib_config_pureend_doubles           0x08000683   Thumb Code     0  fpinit.o(x$fpl$fpinit)
    Region$$Table$$Base                      0x08000684   Number         0  anon$$obj.o(Region$$Table)
    Region$$Table$$Limit                     0x080006a4   Number         0  anon$$obj.o(Region$$Table)
    SystemCoreClock                          0x20000000   Data           4  system_gd32f4xx.o(.data.SystemCoreClock)
    __libspace_start                         0x20000008   Data          96  libspace.o(.bss)
    __temporary_stack_top$libspace           0x20000068   Data           0  libspace.o(.bss)



==============================================================================

Memory Map of the image

  Image Entry point : 0x08000189

  Load Region LR_IROM1 (Base: 0x08000000, Size: 0x000006b0, Max: 0x00100000, ABSOLUTE)

    Execution Region ER_IROM1 (Exec base: 0x08000000, Load base: 0x08000000, Size: 0x000006a4, Max: 0x00100000, ABSOLUTE)

    Exec Addr    Load Addr    Size         Type   Attr      Idx    E Section Name        Object

    0x08000000   0x08000000   0x00000188   Data   RO         1992    RESET               startup_gd32f405_425.o
    0x08000188   0x08000188   0x00000008   Code   RO         2007  * !!!main             c_w.l(__main.o)
    0x08000190   0x08000190   0x00000034   Code   RO         2172    !!!scatter          c_w.l(__scatter.o)
    0x080001c4   0x080001c4   0x0000001a   Code   RO         2174    !!handler_copy      c_w.l(__scatter_copy.o)
    0x080001de   0x080001de   0x00000002   PAD
    0x080001e0   0x080001e0   0x0000001c   Code   RO         2176    !!handler_zi        c_w.l(__scatter_zi.o)
    0x080001fc   0x080001fc   0x00000002   Code   RO         2034    .ARM.Collect$$libinit$$00000000  c_w.l(libinit.o)
    0x080001fe   0x080001fe   0x00000004   Code   RO         2040    .ARM.Collect$$libinit$$00000001  c_w.l(libinit2.o)
    0x08000202   0x08000202   0x00000000   Code   RO         2043    .ARM.Collect$$libinit$$00000004  c_w.l(libinit2.o)
    0x08000202   0x08000202   0x00000000   Code   RO         2045    .ARM.Collect$$libinit$$00000006  c_w.l(libinit2.o)
    0x08000202   0x08000202   0x00000000   Code   RO         2048    .ARM.Collect$$libinit$$0000000C  c_w.l(libinit2.o)
    0x08000202   0x08000202   0x00000000   Code   RO         2050    .ARM.Collect$$libinit$$0000000E  c_w.l(libinit2.o)
    0x08000202   0x08000202   0x00000000   Code   RO         2052    .ARM.Collect$$libinit$$00000010  c_w.l(libinit2.o)
    0x08000202   0x08000202   0x00000000   Code   RO         2055    .ARM.Collect$$libinit$$00000013  c_w.l(libinit2.o)
    0x08000202   0x08000202   0x00000000   Code   RO         2057    .ARM.Collect$$libinit$$00000015  c_w.l(libinit2.o)
    0x08000202   0x08000202   0x00000000   Code   RO         2059    .ARM.Collect$$libinit$$00000017  c_w.l(libinit2.o)
    0x08000202   0x08000202   0x00000000   Code   RO         2061    .ARM.Collect$$libinit$$00000019  c_w.l(libinit2.o)
    0x08000202   0x08000202   0x00000000   Code   RO         2063    .ARM.Collect$$libinit$$0000001B  c_w.l(libinit2.o)
    0x08000202   0x08000202   0x00000000   Code   RO         2065    .ARM.Collect$$libinit$$0000001D  c_w.l(libinit2.o)
    0x08000202   0x08000202   0x00000000   Code   RO         2067    .ARM.Collect$$libinit$$0000001F  c_w.l(libinit2.o)
    0x08000202   0x08000202   0x00000000   Code   RO         2069    .ARM.Collect$$libinit$$00000021  c_w.l(libinit2.o)
    0x08000202   0x08000202   0x00000000   Code   RO         2071    .ARM.Collect$$libinit$$00000023  c_w.l(libinit2.o)
    0x08000202   0x08000202   0x00000000   Code   RO         2073    .ARM.Collect$$libinit$$00000025  c_w.l(libinit2.o)
    0x08000202   0x08000202   0x00000000   Code   RO         2075    .ARM.Collect$$libinit$$00000027  c_w.l(libinit2.o)
    0x08000202   0x08000202   0x00000000   Code   RO         2079    .ARM.Collect$$libinit$$0000002E  c_w.l(libinit2.o)
    0x08000202   0x08000202   0x00000000   Code   RO         2081    .ARM.Collect$$libinit$$00000030  c_w.l(libinit2.o)
    0x08000202   0x08000202   0x00000000   Code   RO         2083    .ARM.Collect$$libinit$$00000032  c_w.l(libinit2.o)
    0x08000202   0x08000202   0x00000000   Code   RO         2085    .ARM.Collect$$libinit$$00000034  c_w.l(libinit2.o)
    0x08000202   0x08000202   0x00000002   Code   RO         2086    .ARM.Collect$$libinit$$00000035  c_w.l(libinit2.o)
    0x08000204   0x08000204   0x00000002   Code   RO         2108    .ARM.Collect$$libshutdown$$00000000  c_w.l(libshutdown.o)
    0x08000206   0x08000206   0x00000000   Code   RO         2123    .ARM.Collect$$libshutdown$$00000002  c_w.l(libshutdown2.o)
    0x08000206   0x08000206   0x00000000   Code   RO         2125    .ARM.Collect$$libshutdown$$00000004  c_w.l(libshutdown2.o)
    0x08000206   0x08000206   0x00000000   Code   RO         2128    .ARM.Collect$$libshutdown$$00000007  c_w.l(libshutdown2.o)
    0x08000206   0x08000206   0x00000000   Code   RO         2131    .ARM.Collect$$libshutdown$$0000000A  c_w.l(libshutdown2.o)
    0x08000206   0x08000206   0x00000000   Code   RO         2133    .ARM.Collect$$libshutdown$$0000000C  c_w.l(libshutdown2.o)
    0x08000206   0x08000206   0x00000000   Code   RO         2136    .ARM.Collect$$libshutdown$$0000000F  c_w.l(libshutdown2.o)
    0x08000206   0x08000206   0x00000002   Code   RO         2137    .ARM.Collect$$libshutdown$$00000010  c_w.l(libshutdown2.o)
    0x08000208   0x08000208   0x00000000   Code   RO         2009    .ARM.Collect$$rtentry$$00000000  c_w.l(__rtentry.o)
    0x08000208   0x08000208   0x00000000   Code   RO         2011    .ARM.Collect$$rtentry$$00000002  c_w.l(__rtentry2.o)
    0x08000208   0x08000208   0x00000006   Code   RO         2023    .ARM.Collect$$rtentry$$00000004  c_w.l(__rtentry4.o)
    0x0800020e   0x0800020e   0x00000000   Code   RO         2013    .ARM.Collect$$rtentry$$00000009  c_w.l(__rtentry2.o)
    0x0800020e   0x0800020e   0x00000004   Code   RO         2014    .ARM.Collect$$rtentry$$0000000A  c_w.l(__rtentry2.o)
    0x08000212   0x08000212   0x00000000   Code   RO         2016    .ARM.Collect$$rtentry$$0000000C  c_w.l(__rtentry2.o)
    0x08000212   0x08000212   0x00000008   Code   RO         2017    .ARM.Collect$$rtentry$$0000000D  c_w.l(__rtentry2.o)
    0x0800021a   0x0800021a   0x00000002   Code   RO         2038    .ARM.Collect$$rtexit$$00000000  c_w.l(rtexit.o)
    0x0800021c   0x0800021c   0x00000000   Code   RO         2088    .ARM.Collect$$rtexit$$00000002  c_w.l(rtexit2.o)
    0x0800021c   0x0800021c   0x00000004   Code   RO         2089    .ARM.Collect$$rtexit$$00000003  c_w.l(rtexit2.o)
    0x08000220   0x08000220   0x00000006   Code   RO         2090    .ARM.Collect$$rtexit$$00000004  c_w.l(rtexit2.o)
    0x08000226   0x08000226   0x00000002   PAD
    0x08000228   0x08000228   0x00000040   Code   RO         1993    .text               startup_gd32f405_425.o
    0x08000268   0x08000268   0x00000006   Code   RO         2005    .text               c_w.l(heapauxi.o)
    0x0800026e   0x0800026e   0x0000004a   Code   RO         2025    .text               c_w.l(sys_stackheap_outer.o)
    0x080002b8   0x080002b8   0x00000012   Code   RO         2027    .text               c_w.l(exit.o)
    0x080002ca   0x080002ca   0x00000002   PAD
    0x080002cc   0x080002cc   0x00000008   Code   RO         2035    .text               c_w.l(libspace.o)
    0x080002d4   0x080002d4   0x0000000c   Code   RO         2098    .text               c_w.l(sys_exit.o)
    0x080002e0   0x080002e0   0x00000002   Code   RO         2113    .text               c_w.l(use_no_semi.o)
    0x080002e2   0x080002e2   0x00000000   Code   RO         2115    .text               c_w.l(indicate_semi.o)
    0x080002e2   0x080002e2   0x00000002   PAD
    0x080002e4   0x080002e4   0x00000004   Code   RO           46    .text.BusFault_Handler  gd32f4xx_it.o
    0x080002e8   0x080002e8   0x00000002   Code   RO           52    .text.DebugMon_Handler  gd32f4xx_it.o
    0x080002ea   0x080002ea   0x00000002   PAD
    0x080002ec   0x080002ec   0x00000004   Code   RO           42    .text.HardFault_Handler  gd32f4xx_it.o
    0x080002f0   0x080002f0   0x00000004   Code   RO           44    .text.MemManage_Handler  gd32f4xx_it.o
    0x080002f4   0x080002f4   0x00000002   Code   RO           40    .text.NMI_Handler   gd32f4xx_it.o
    0x080002f6   0x080002f6   0x00000002   PAD
    0x080002f8   0x080002f8   0x00000002   Code   RO           54    .text.PendSV_Handler  gd32f4xx_it.o
    0x080002fa   0x080002fa   0x00000002   PAD
    0x080002fc   0x080002fc   0x00000002   Code   RO           50    .text.SVC_Handler   gd32f4xx_it.o
    0x080002fe   0x080002fe   0x00000002   PAD
    0x08000300   0x08000300   0x00000052   Code   RO           13    .text.SysTick_Config  systick.o
    0x08000352   0x08000352   0x00000002   PAD
    0x08000354   0x08000354   0x0000000c   Code   RO           56    .text.SysTick_Handler  gd32f4xx_it.o
    0x08000360   0x08000360   0x000000e8   Code   RO         1974    .text.SystemInit    system_gd32f4xx.o
    0x08000448   0x08000448   0x00000004   Code   RO           48    .text.UsageFault_Handler  gd32f4xx_it.o
    0x0800044c   0x0800044c   0x00000042   Code   RO           15    .text.__NVIC_SetPriority  systick.o
    0x0800048e   0x0800048e   0x00000002   PAD
    0x08000490   0x08000490   0x00000020   Code   RO           19    .text.delay_decrement  systick.o
    0x080004b0   0x080004b0   0x00000010   Code   RO            2    .text.main          main.o
    0x080004c0   0x080004c0   0x00000010   Code   RO           21    .text.sys_tick_ms_inc  systick.o
    0x080004d0   0x080004d0   0x0000015e   Code   RO         1980    .text.system_clock_200m_8m_hxtal  system_gd32f4xx.o
    0x0800062e   0x0800062e   0x00000002   PAD
    0x08000630   0x08000630   0x00000008   Code   RO         1976    .text.system_clock_config  system_gd32f4xx.o
    0x08000638   0x08000638   0x00000032   Code   RO           11    .text.systick_config  systick.o
    0x0800066a   0x0800066a   0x0000001a   Code   RO         2096    x$fpl$fpinit        fz_wm.l(fpinit.o)
    0x08000684   0x08000684   0x00000020   Data   RO         2171    Region$$Table       anon$$obj.o


    Execution Region RW_IRAM1 (Exec base: 0x20000000, Load base: 0x080006a8, Size: 0x00000870, Max: 0x00030000, ABSOLUTE)

    Exec Addr    Load Addr    Size         Type   Attr      Idx    E Section Name        Object

    0x20000000   0x080006a8   0x00000004   Data   RW         1982    .data.SystemCoreClock  system_gd32f4xx.o
    0x20000004   0x080006ac   0x00000004   PAD
    0x20000008        -       0x00000060   Zero   RW         2036    .bss                c_w.l(libspace.o)
    0x20000068        -       0x00000004   Zero   RW           25    .bss.delay          systick.o
    0x2000006c        -       0x00000004   Zero   RW           26    .bss.sys_tick_ms    systick.o
    0x20000070        -       0x00000400   Zero   RW         1991    HEAP                startup_gd32f405_425.o
    0x20000470        -       0x00000400   Zero   RW         1990    STACK               startup_gd32f405_425.o


==============================================================================

Image component sizes


      Code (inc. data)   RO Data    RW Data    ZI Data      Debug   Object Name

        36          0          0          0          0        994   gd32f4xx_it.o
        16          0          0          0          0        363   main.o
        64         26        392          0       2048        952   startup_gd32f405_425.o
       590          0          0          4          0       2456   system_gd32f4xx.o
       246          0          0          0          8       4568   systick.o

    ----------------------------------------------------------------------
       966         26        424          4       2060       9333   Object Totals
         0          0         32          0          0          0   (incl. Generated)
        14          0          0          0          4          0   (incl. Padding)

    ----------------------------------------------------------------------

      Code (inc. data)   RO Data    RW Data    ZI Data      Debug   Library Member Name

         8          0          0          0          0         68   __main.o
         0          0          0          0          0          0   __rtentry.o
        12          0          0          0          0          0   __rtentry2.o
         6          0          0          0          0          0   __rtentry4.o
        52          8          0          0          0          0   __scatter.o
        26          0          0          0          0          0   __scatter_copy.o
        28          0          0          0          0          0   __scatter_zi.o
        18          0          0          0          0         80   exit.o
         6          0          0          0          0        152   heapauxi.o
         0          0          0          0          0          0   indicate_semi.o
         2          0          0          0          0          0   libinit.o
         6          0          0          0          0          0   libinit2.o
         2          0          0          0          0          0   libshutdown.o
         2          0          0          0          0          0   libshutdown2.o
         8          4          0          0         96         68   libspace.o
         2          0          0          0          0          0   rtexit.o
        10          0          0          0          0          0   rtexit2.o
        12          4          0          0          0         68   sys_exit.o
        74          0          0          0          0         80   sys_stackheap_outer.o
         2          0          0          0          0         68   use_no_semi.o
        26          0          0          0          0        116   fpinit.o

    ----------------------------------------------------------------------
       310         16          0          0         96        700   Library Totals
         8          0          0          0          0          0   (incl. Padding)

    ----------------------------------------------------------------------

      Code (inc. data)   RO Data    RW Data    ZI Data      Debug   Library Name

       276         16          0          0         96        584   c_w.l
        26          0          0          0          0        116   fz_wm.l

    ----------------------------------------------------------------------
       310         16          0          0         96        700   Library Totals

    ----------------------------------------------------------------------

==============================================================================


      Code (inc. data)   RO Data    RW Data    ZI Data      Debug   

      1276         42        424          4       2156       9817   Grand Totals
      1276         42        424          4       2156       9817   ELF Image Totals
      1276         42        424          4          0          0   ROM Totals

==============================================================================

    Total RO  Size (Code + RO Data)                 1700 (   1.66kB)
    Total RW  Size (RW Data + ZI Data)              2160 (   2.11kB)
    Total ROM Size (Code + RO Data + RW Data)       1704 (   1.66kB)

==============================================================================

