<html>
<body>
<pre>
<h1>µVision Build Log</h1>
<h2>Tool Versions:</h2>
IDE-Version: ¦ÌVision V5.38.0.0
Copyright (C) 2022 ARM Ltd and ARM Germany GmbH. All rights reserved.
License Information: asd 945706034@qq.com, asd, LIC=QF82M-XQ3H8-NNIAF-649U6-2UWXB-X94E5
 
Tool Versions:
Toolchain:       MDK-ARM Plus  Version: 5.38.0.0
Toolchain Path:  E:\keil\installFile\ARM\ARMCLANG\Bin
C Compiler:      ArmClang.exe V6.19
Assembler:       Armasm.exe V6.19
Linker/Locator:  ArmLink.exe V6.19
Library Manager: ArmAr.exe V6.19
Hex Converter:   FromElf.exe V6.19
CPU DLL:         SARMCM3.DLL V5.38.0.0
Dialog DLL:      DCM.DLL V1.17.5.0
Target DLL:      Segger\JL2CM3.dll V2.99.42.0
Dialog DLL:      TCM.DLL V1.56.4.0
 
<h2>Project:</h2>
G:\ljyws\ota\software\project\software.uvprojx
Project File Date:  01/06/2024

<h2>Output:</h2>
*** Using Compiler 'V6.19', folder: 'E:\keil\installFile\ARM\ARMCLANG\Bin'
Rebuild target 'software'
Note: source file '..\bsp\src\bsp_led.c' - object file renamed from '.\Objects\bsp_led.o' to '.\Objects\bsp_led_1.o'.
compiling sys_param.c...
compiling main.c...
compiling gd32f4xx_it.c...
compiling gd32f4xx_ctc.c...
compiling gd32f4xx_crc.c...
compiling gd32f4xx_dbg.c...
compiling systick.c...
compiling gd32f4xx_dac.c...
compiling gd32f4xx_dci.c...
compiling gd32f4xx_exti.c...
compiling gd32f4xx_exmc.c...
compiling gd32f4xx_can.c...
compiling gd32f4xx_dma.c...
compiling gd32f4xx_adc.c...
compiling gd32f4xx_enet.c...
compiling gd32f4xx_iref.c...
compiling gd32f4xx_fmc.c...
compiling gd32f4xx_gpio.c...
compiling gd32f4xx_fwdgt.c...
compiling gd32f4xx_i2c.c...
compiling gd32f4xx_ipa.c...
compiling gd32f4xx_misc.c...
compiling gd32f4xx_pmu.c...
compiling gd32f4xx_rcu.c...
compiling gd32f4xx_sdio.c...
compiling gd32f4xx_syscfg.c...
compiling gd32f4xx_tli.c...
compiling gd32f4xx_spi.c...
compiling gd32f4xx_rtc.c...
compiling gd32f4xx_timer.c...
compiling drv_gpio.c...
compiling drv_led.c...
compiling gd32f4xx_trng.c...
assembling startup_gd32f405_425.s...
compiling bsp_gpio.c...
compiling gd32f4xx_wwdgt.c...
compiling gd32f4xx_usart.c...
compiling system_gd32f4xx.c...
compiling bsp_led.c...
linking...
Program Size: Code=1276 RO-data=424 RW-data=4 ZI-data=2156  
".\Objects\software.axf" - 0 Error(s), 0 Warning(s).

<h2>Software Packages used:</h2>

Package Vendor: GigaDevice
                https://gd32mcu.com/data/documents/pack/GigaDevice.GD32F4xx_DFP.3.0.3.pack
                GigaDevice.GD32F4xx_DFP.3.0.3
                GigaDevice GD32F4xx Series Device Support and Examples

<h2>Collection of Component include folders:</h2>
  E:/keil/pack/GigaDevice/GD32F4xx_DFP/3.0.3/Device/F4XX/Include

<h2>Collection of Component Files used:</h2>
Build Time Elapsed:  00:00:01
</pre>
</body>
</html>
